#
# There is insufficient memory for the Java Runtime Environment to continue.
# Native memory allocation (malloc) failed to allocate 1048576 bytes. Error detail: AllocateHeap
# Possible reasons:
#   The system is out of physical RAM or swap space
#   This process is running with CompressedOops enabled, and the Java Heap may be blocking the growth of the native heap
# Possible solutions:
#   Reduce memory load on the system
#   Increase physical memory or swap space
#   Check if swap backing store is full
#   Decrease Java heap size (-Xmx/-Xms)
#   Decrease number of Java threads
#   Decrease Java thread stack sizes (-Xss)
#   Set larger code cache with -XX:ReservedCodeCacheSize=
#   JVM is running with Unscaled Compressed Oops mode in which the Java heap is
#     placed in the first 4GB address space. The Java Heap base address is the
#     maximum limit for the native heap growth. Please use -XX:HeapBaseMinAddress
#     to set the Java Heap base and to place the Java Heap above 4GB virtual address.
# This output file may be truncated or incomplete.
#
#  Out of Memory Error (allocation.cpp:44), pid=13700, tid=15588
#
# JRE version: OpenJDK Runtime Environment Temurin-21.0.10+7 (21.0.10+7) (build 21.0.10+7-LTS)
# Java VM: OpenJDK 64-Bit Server VM Temurin-21.0.10+7 (21.0.10+7-LTS, mixed mode, sharing, tiered, compressed oops, compressed class ptrs, parallel gc, windows-amd64)
# No core dump will be written. Minidumps are not enabled by default on client versions of Windows
#

---------------  S U M M A R Y ------------

Command Line: --add-modules=ALL-SYSTEM --add-opens=java.base/java.util=ALL-UNNAMED --add-opens=java.base/java.lang=ALL-UNNAMED --add-opens=java.base/sun.nio.fs=ALL-UNNAMED -Declipse.application=org.eclipse.jdt.ls.core.id1 -Dosgi.bundles.defaultStartLevel=4 -Declipse.product=org.eclipse.jdt.ls.core.product -Djava.import.generatesMetadataFilesAtProjectRoot=false -DDetectVMInstallationsJob.disabled=true -Dfile.encoding=utf8 -XX:+UseParallelGC -XX:GCTimeRatio=4 -XX:AdaptiveSizePolicyWeight=90 -Dsun.zip.disableMemoryMapping=true -Xmx2G -Xms100m -Xlog:disable -javaagent:c:\Users\Edralyn\.vscode\extensions\redhat.java-1.54.0-win32-x64\lombok\lombok-1.18.39-4050.jar -XX:+HeapDumpOnOutOfMemoryError -XX:HeapDumpPath=c:\Users\Edralyn\AppData\Roaming\Code\User\workspaceStorage\37e09440e251ae553bc9eb3f6aba62d0\redhat.java -Daether.dependencyCollector.impl=bf c:\Users\Edralyn\.vscode\extensions\redhat.java-1.54.0-win32-x64\server\plugins\org.eclipse.equinox.launcher_1.7.100.v20251111-0406.jar -configuration c:\Users\Edralyn\AppData\Roaming\Code\User\globalStorage\redhat.java\1.54.0\config_win -data c:\Users\Edralyn\AppData\Roaming\Code\User\workspaceStorage\37e09440e251ae553bc9eb3f6aba62d0\redhat.java\jdt_ws --pipe=\\.\pipe\lsp-872a127c9a853d12f6f98e5267286a51-sock

Host: AMD Ryzen 7 8845HS w/ Radeon 780M Graphics     , 16 cores, 7G,  Windows 11 , 64 bit Build 26100 (10.0.26100.8246)
Time: Sat May  9 19:22:29 2026 Malay Peninsula Standard Time elapsed time: 3453.529484 seconds (0d 0h 57m 33s)

---------------  T H R E A D  ---------------

Current thread (0x0000010b76fdf280):  JavaThread "Attach Listener" daemon [_thread_in_vm, id=15588, stack(0x00000005fcf00000,0x00000005fd000000) (1024K)]

Stack: [0x00000005fcf00000,0x00000005fd000000]
Native frames: (J=compiled Java code, j=interpreted, Vv=VM code, C=native code)
V  [jvm.dll+0x6d7a39]
V  [jvm.dll+0x8b4b26]
V  [jvm.dll+0x8b70de]
V  [jvm.dll+0x8b77c3]
V  [jvm.dll+0x284346]
V  [jvm.dll+0xc1277]
V  [jvm.dll+0x6d82e9]
V  [jvm.dll+0x1334a6]
V  [jvm.dll+0x3f857e]
V  [jvm.dll+0x85f59d]
V  [jvm.dll+0x6d626d]
C  [ucrtbase.dll+0x37b0]
C  [KERNEL32.DLL+0x2e8d7]
C  [ntdll.dll+0x8c3fc]


---------------  P R O C E S S  ---------------

Threads class SMR info:
_java_thread_list=0x0000010b60956c00, length=54, elements={
0x0000010b6df6ba60, 0x0000010b75a1e790, 0x0000010b76fd6280, 0x0000010b76fd9260,
0x0000010b76fdf280, 0x0000010b76fe67b0, 0x0000010b76fe3330, 0x0000010b76ff7050,
0x0000010b76ff8600, 0x0000010b76fe4d70, 0x0000010b76fe39c0, 0x0000010b76fe5400,
0x0000010b76fe5a90, 0x0000010b76fe4050, 0x0000010b76fe46e0, 0x0000010b7d50d980,
0x0000010b7d511490, 0x0000010b7d50e010, 0x0000010b7d5100e0, 0x0000010b7d50ed30,
0x0000010b7d511b20, 0x0000010b7d50e6a0, 0x0000010b7d514280, 0x0000010b7d514fa0,
0x0000010b7d514910, 0x0000010b7d513bf0, 0x0000010b7d512840, 0x0000010b7d5121b0,
0x0000010b7d512ed0, 0x0000010b7d513560, 0x0000010b50096e90, 0x0000010b50097520,
0x0000010b500995f0, 0x0000010b50099c80, 0x0000010b50097bb0, 0x0000010b50098240,
0x0000010b500988d0, 0x0000010b50098f60, 0x0000010b50096800, 0x0000010b5009d790,
0x0000010b5009a310, 0x0000010b5009b6c0, 0x0000010b5009bd50, 0x0000010b5039a670,
0x0000010b5009c3e0, 0x0000010b51bf2750, 0x0000010b51bf1a30, 0x0000010b51befff0,
0x0000010b51bf0d10, 0x0000010b51bf20c0, 0x0000010b51bf3b00, 0x0000010b51bf0680,
0x0000010b51bf5540, 0x0000010b51bf4820
}

Java Threads: ( => current thread )
  0x0000010b6df6ba60 JavaThread "main"                              [_thread_blocked, id=35528, stack(0x00000005fc800000,0x00000005fc900000) (1024K)]
  0x0000010b75a1e790 JavaThread "Reference Handler"          daemon [_thread_blocked, id=32092, stack(0x00000005fcc00000,0x00000005fcd00000) (1024K)]
  0x0000010b76fd6280 JavaThread "Finalizer"                  daemon [_thread_blocked, id=35564, stack(0x00000005fcd00000,0x00000005fce00000) (1024K)]
  0x0000010b76fd9260 JavaThread "Signal Dispatcher"          daemon [_thread_blocked, id=10768, stack(0x00000005fce00000,0x00000005fcf00000) (1024K)]
=>0x0000010b76fdf280 JavaThread "Attach Listener"            daemon [_thread_in_vm, id=15588, stack(0x00000005fcf00000,0x00000005fd000000) (1024K)]
  0x0000010b76fe67b0 JavaThread "Service Thread"             daemon [_thread_blocked, id=37200, stack(0x00000005fd000000,0x00000005fd100000) (1024K)]
  0x0000010b76fe3330 JavaThread "Monitor Deflation Thread"   daemon [_thread_blocked, id=30604, stack(0x00000005fd100000,0x00000005fd200000) (1024K)]
  0x0000010b76ff7050 JavaThread "C2 CompilerThread0"         daemon [_thread_blocked, id=14232, stack(0x00000005fd200000,0x00000005fd300000) (1024K)]
  0x0000010b76ff8600 JavaThread "C1 CompilerThread0"         daemon [_thread_blocked, id=25952, stack(0x00000005fd300000,0x00000005fd400000) (1024K)]
  0x0000010b76fe4d70 JavaThread "Common-Cleaner"             daemon [_thread_blocked, id=12048, stack(0x00000005fd700000,0x00000005fd800000) (1024K)]
  0x0000010b76fe39c0 JavaThread "Notification Thread"        daemon [_thread_blocked, id=34480, stack(0x00000005fd900000,0x00000005fda00000) (1024K)]
  0x0000010b76fe5400 JavaThread "Active Thread: Equinox Container: 54497df0-deb6-4441-ac0c-08bf4314eeea"        [_thread_blocked, id=12264, stack(0x00000005fe000000,0x00000005fe100000) (1024K)]
  0x0000010b76fe5a90 JavaThread "Refresh Thread: Equinox Container: 54497df0-deb6-4441-ac0c-08bf4314eeea" daemon [_thread_blocked, id=10140, stack(0x00000005fd500000,0x00000005fd600000) (1024K)]
  0x0000010b76fe4050 JavaThread "Framework Event Dispatcher: Equinox Container: 54497df0-deb6-4441-ac0c-08bf4314eeea" daemon [_thread_blocked, id=34544, stack(0x00000005fd600000,0x00000005fd700000) (1024K)]
  0x0000010b76fe46e0 JavaThread "Start Level: Equinox Container: 54497df0-deb6-4441-ac0c-08bf4314eeea" daemon [_thread_blocked, id=30784, stack(0x00000005fd800000,0x00000005fd900000) (1024K)]
  0x0000010b7d50d980 JavaThread "Bundle File Closer"         daemon [_thread_blocked, id=29244, stack(0x00000005fe400000,0x00000005fe500000) (1024K)]
  0x0000010b7d511490 JavaThread "SCR Component Actor"        daemon [_thread_blocked, id=37484, stack(0x00000005fe500000,0x00000005fe600000) (1024K)]
  0x0000010b7d50e010 JavaThread "Worker-JM"                         [_thread_blocked, id=20120, stack(0x00000005fe700000,0x00000005fe800000) (1024K)]
  0x0000010b7d5100e0 JavaThread "JNA Cleaner"                daemon [_thread_blocked, id=4108, stack(0x00000005fea00000,0x00000005feb00000) (1024K)]
  0x0000010b7d50ed30 JavaThread "Java indexing"              daemon [_thread_blocked, id=14996, stack(0x00000005fed00000,0x00000005fee00000) (1024K)]
  0x0000010b7d511b20 JavaThread "Worker-2"                          [_thread_blocked, id=14452, stack(0x00000005ff000000,0x00000005ff100000) (1024K)]
  0x0000010b7d50e6a0 JavaThread "Thread-1"                   daemon [_thread_in_native, id=33780, stack(0x00000005ff200000,0x00000005ff300000) (1024K)]
  0x0000010b7d514280 JavaThread "Thread-2"                   daemon [_thread_in_native, id=37672, stack(0x00000005ff300000,0x00000005ff400000) (1024K)]
  0x0000010b7d514fa0 JavaThread "Thread-3"                   daemon [_thread_in_native, id=24104, stack(0x00000005ff400000,0x00000005ff500000) (1024K)]
  0x0000010b7d514910 JavaThread "Thread-4"                   daemon [_thread_in_native, id=10616, stack(0x00000005ff500000,0x00000005ff600000) (1024K)]
  0x0000010b7d513bf0 JavaThread "Thread-5"                   daemon [_thread_in_native, id=34856, stack(0x00000005ff600000,0x00000005ff700000) (1024K)]
  0x0000010b7d512840 JavaThread "Thread-6"                   daemon [_thread_in_native, id=14784, stack(0x00000005ff700000,0x00000005ff800000) (1024K)]
  0x0000010b7d5121b0 JavaThread "Thread-7"                   daemon [_thread_in_native, id=18620, stack(0x00000005ff800000,0x00000005ff900000) (1024K)]
  0x0000010b7d512ed0 JavaThread "Thread-8"                   daemon [_thread_in_native, id=24828, stack(0x00000005ff900000,0x00000005ffa00000) (1024K)]
  0x0000010b7d513560 JavaThread "Thread-9"                   daemon [_thread_in_native, id=11600, stack(0x00000005ffa00000,0x00000005ffb00000) (1024K)]
  0x0000010b50096e90 JavaThread "Thread-10"                  daemon [_thread_in_native, id=27724, stack(0x00000005ffb00000,0x00000005ffc00000) (1024K)]
  0x0000010b50097520 JavaThread "Thread-11"                  daemon [_thread_in_native, id=16680, stack(0x00000005ffc00000,0x00000005ffd00000) (1024K)]
  0x0000010b500995f0 JavaThread "Thread-12"                  daemon [_thread_in_native, id=23328, stack(0x00000005ffd00000,0x00000005ffe00000) (1024K)]
  0x0000010b50099c80 JavaThread "Thread-13"                  daemon [_thread_in_native, id=18520, stack(0x00000005ffe00000,0x00000005fff00000) (1024K)]
  0x0000010b50097bb0 JavaThread "Thread-14"                  daemon [_thread_in_native, id=2488, stack(0x00000005fff00000,0x0000000600000000) (1024K)]
  0x0000010b50098240 JavaThread "Thread-15"                  daemon [_thread_in_native, id=37120, stack(0x0000000580000000,0x0000000580100000) (1024K)]
  0x0000010b500988d0 JavaThread "Thread-16"                  daemon [_thread_in_native, id=33092, stack(0x0000000580100000,0x0000000580200000) (1024K)]
  0x0000010b50098f60 JavaThread "Thread-17"                  daemon [_thread_in_native, id=36504, stack(0x0000000580200000,0x0000000580300000) (1024K)]
  0x0000010b50096800 JavaThread "pool-2-thread-1"                   [_thread_blocked, id=20764, stack(0x0000000580300000,0x0000000580400000) (1024K)]
  0x0000010b5009d790 JavaThread "Timer-0"                           [_thread_blocked, id=21744, stack(0x0000000580400000,0x0000000580500000) (1024K)]
  0x0000010b5009a310 JavaThread "Timer-1"                           [_thread_blocked, id=33916, stack(0x0000000580500000,0x0000000580600000) (1024K)]
  0x0000010b5009b6c0 JavaThread "WorkspaceEventsHandler"            [_thread_blocked, id=31952, stack(0x0000000580600000,0x0000000580700000) (1024K)]
  0x0000010b5009bd50 JavaThread "pool-1-thread-1"                   [_thread_blocked, id=3988, stack(0x0000000580700000,0x0000000580800000) (1024K)]
  0x0000010b5039a670 JavaThread "Timer-2"                           [_thread_blocked, id=21632, stack(0x0000000580800000,0x0000000580900000) (1024K)]
  0x0000010b5009c3e0 JavaThread "Timer-3"                           [_thread_blocked, id=34648, stack(0x0000000581e00000,0x0000000581f00000) (1024K)]
  0x0000010b51bf2750 JavaThread "Timer-4"                           [_thread_blocked, id=15452, stack(0x0000000581f00000,0x0000000582000000) (1024K)]
  0x0000010b51bf1a30 JavaThread "Timer-5"                           [_thread_blocked, id=36320, stack(0x0000000582000000,0x0000000582100000) (1024K)]
  0x0000010b51befff0 JavaThread "Timer-6"                           [_thread_blocked, id=30696, stack(0x0000000582100000,0x0000000582200000) (1024K)]
  0x0000010b51bf0d10 JavaThread "Timer-7"                           [_thread_blocked, id=23832, stack(0x0000000581800000,0x0000000581900000) (1024K)]
  0x0000010b51bf20c0 JavaThread "Timer-8"                           [_thread_blocked, id=28576, stack(0x0000000581d00000,0x0000000581e00000) (1024K)]
  0x0000010b51bf3b00 JavaThread "Timer-9"                           [_thread_blocked, id=12580, stack(0x0000000581900000,0x0000000581a00000) (1024K)]
  0x0000010b51bf0680 JavaThread "Timer-10"                          [_thread_blocked, id=18044, stack(0x0000000582500000,0x0000000582600000) (1024K)]
  0x0000010b51bf5540 JavaThread "Cleaner-0"                  daemon [_thread_blocked, id=16792, stack(0x0000000582a00000,0x0000000582b00000) (1024K)]
  0x0000010b51bf4820 JavaThread "Worker-5"                          [_thread_blocked, id=19156, stack(0x0000000582300000,0x0000000582400000) (1024K)]
Total: 54

Other Threads:
  0x0000010b76fd3230 VMThread "VM Thread"                           [id=35120, stack(0x00000005fcb00000,0x00000005fcc00000) (1024K)]
  0x0000010b6dfd9850 WatcherThread "VM Periodic Task Thread"        [id=12152, stack(0x00000005fca00000,0x00000005fcb00000) (1024K)]
  0x0000010b6df8b910 WorkerThread "GC Thread#0"                     [id=34724, stack(0x00000005fc900000,0x00000005fca00000) (1024K)]
  0x0000010b78c394d0 WorkerThread "GC Thread#1"                     [id=11228, stack(0x00000005fda00000,0x00000005fdb00000) (1024K)]
  0x0000010b78c39880 WorkerThread "GC Thread#2"                     [id=28096, stack(0x00000005fdb00000,0x00000005fdc00000) (1024K)]
  0x0000010b78dd6c40 WorkerThread "GC Thread#3"                     [id=23652, stack(0x00000005fdc00000,0x00000005fdd00000) (1024K)]
  0x0000010b78ddb470 WorkerThread "GC Thread#4"                     [id=9252, stack(0x00000005fdd00000,0x00000005fde00000) (1024K)]
  0x0000010b78ddb820 WorkerThread "GC Thread#5"                     [id=15732, stack(0x00000005fde00000,0x00000005fdf00000) (1024K)]
  0x0000010b78ddbbd0 WorkerThread "GC Thread#6"                     [id=36696, stack(0x00000005fdf00000,0x00000005fe000000) (1024K)]
  0x0000010b7d1ade60 WorkerThread "GC Thread#7"                     [id=30380, stack(0x00000005fe100000,0x00000005fe200000) (1024K)]
  0x0000010b78864a30 WorkerThread "GC Thread#8"                     [id=31244, stack(0x00000005fd400000,0x00000005fd500000) (1024K)]
  0x0000010b770f22a0 WorkerThread "GC Thread#9"                     [id=5016, stack(0x00000005fe200000,0x00000005fe300000) (1024K)]
  0x0000010b770f2650 WorkerThread "GC Thread#10"                    [id=29388, stack(0x00000005fe300000,0x00000005fe400000) (1024K)]
  0x0000010b7879a2f0 WorkerThread "GC Thread#11"                    [id=37116, stack(0x00000005fe800000,0x00000005fe900000) (1024K)]
  0x0000010b7d630210 WorkerThread "GC Thread#12"                    [id=36068, stack(0x00000005fe900000,0x00000005fea00000) (1024K)]
Total: 15

Threads with active compile tasks:
Total: 0

VM state: not at safepoint (normal execution)

VM Mutex/Monitor currently owned by a thread: None

Heap address: 0x0000000080000000, size: 2048 MB, Compressed Oops mode: 32-bit

CDS archive(s) mapped at: [0x0000010b0f000000-0x0000010b0fba0000-0x0000010b0fba0000), size 12189696, SharedBaseAddress: 0x0000010b0f000000, ArchiveRelocationMode: 1.
Compressed class space mapped at: 0x0000010b10000000-0x0000010b50000000, reserved size: 1073741824
Narrow klass base: 0x0000010b0f000000, Narrow klass shift: 0, Narrow klass range: 0x100000000

GC Precious Log:
 CardTable entry size: 512
 CPUs: 16 total, 16 available
 Memory: 7484M
 Large Page Support: Disabled
 NUMA Support: Disabled
 Compressed Oops: Enabled (32-bit)
 Alignments: Space 512K, Generation 512K, Heap 2M
 Heap Min Capacity: 100M
 Heap Initial Capacity: 100M
 Heap Max Capacity: 2G
 Pre-touch: Disabled
 Parallel Workers: 13

Heap:
 PSYoungGen      total 3072K, used 1795K [0x00000000d5580000, 0x00000000d5980000, 0x0000000100000000)
  eden space 2560K, 53% used [0x00000000d5580000,0x00000000d56d8fa8,0x00000000d5800000)
  from space 512K, 81% used [0x00000000d5900000,0x00000000d5968000,0x00000000d5980000)
  to   space 512K, 0% used [0x00000000d5880000,0x00000000d5880000,0x00000000d5900000)
 ParOldGen       total 302080K, used 185300K [0x0000000080000000, 0x0000000092700000, 0x00000000d5580000)
  object space 302080K, 61% used [0x0000000080000000,0x000000008b4f51d8,0x0000000092700000)
 Metaspace       used 91394K, committed 93248K, reserved 1179648K
  class space    used 10528K, committed 11392K, reserved 1048576K

Card table byte_map: [0x0000010b6d910000,0x0000010b6dd20000] _byte_map_base: 0x0000010b6d510000

Marking Bits: (ParMarkBitMap*) 0x00007ffcd4393450
 Begin Bits: [0x0000010b71420000, 0x0000010b73420000)
 End Bits:   [0x0000010b73420000, 0x0000010b75420000)

Polling page: 0x0000010b6bf00000

Metaspace:

Usage:
  Non-class:     78.97 MB used.
      Class:     10.28 MB used.
       Both:     89.25 MB used.

Virtual space:
  Non-class space:      128.00 MB reserved,      79.94 MB ( 62%) committed,  2 nodes.
      Class space:        1.00 GB reserved,      11.12 MB (  1%) committed,  1 nodes.
             Both:        1.12 GB reserved,      91.06 MB (  8%) committed. 

Chunk freelists:
   Non-Class:  15.95 MB
       Class:  4.84 MB
        Both:  20.79 MB

MaxMetaspaceSize: unlimited
CompressedClassSpaceSize: 1.00 GB
Initial GC threshold: 21.00 MB
Current GC threshold: 149.19 MB
CDS: on
 - commit_granule_bytes: 65536.
 - commit_granule_words: 8192.
 - virtual_space_node_default_size: 8388608.
 - enlarge_chunks_in_place: 1.
 - use_allocation_guard: 0.


Internal statistics:

num_allocs_failed_limit: 9.
num_arena_births: 1800.
num_arena_deaths: 30.
num_vsnodes_births: 3.
num_vsnodes_deaths: 0.
num_space_committed: 1457.
num_space_uncommitted: 0.
num_chunks_returned_to_freelist: 45.
num_chunks_taken_from_freelist: 6343.
num_chunk_merges: 17.
num_chunk_splits: 3841.
num_chunks_enlarged: 2044.
num_inconsistent_stats: 0.

CodeHeap 'non-profiled nmethods': size=119168Kb used=10357Kb max_used=10357Kb free=108810Kb
 bounds [0x0000010b07ba0000, 0x0000010b085c0000, 0x0000010b0f000000]
CodeHeap 'profiled nmethods': size=119104Kb used=36378Kb max_used=36535Kb free=82726Kb
 bounds [0x0000010b00000000, 0x0000010b023b0000, 0x0000010b07450000]
CodeHeap 'non-nmethods': size=7488Kb used=1493Kb max_used=3262Kb free=5995Kb
 bounds [0x0000010b07450000, 0x0000010b07850000, 0x0000010b07ba0000]
CodeCache: size=245760Kb, used=48228Kb, max_used=50154Kb, free=197531Kb
 total_blobs=17438, nmethods=16628, adapters=712, full_count=0
Compilation: enabled, stopped_count=0, restarted_count=0

Compilation events (20 events):
Event: 2459.920 Thread 0x0000010b76ff8600 17966       3       com.google.gson.stream.JsonWriter::<init> (56 bytes)
Event: 2459.928 Thread 0x0000010b76ff8600 nmethod 17966 0x0000010b009f5290 code [0x0000010b009f5480, 0x0000010b009f58d8]
Event: 2459.928 Thread 0x0000010b76ff8600 17967       3       java.lang.String::encodeASCII (146 bytes)
Event: 2459.934 Thread 0x0000010b76ff8600 nmethod 17967 0x0000010b009f4310 code [0x0000010b009f4560, 0x0000010b009f4f28]
Event: 2580.343 Thread 0x0000010b76ff8600 17968       3       org.eclipse.jdt.ls.core.internal.ParentProcessWatcher::run (83 bytes)
Event: 2580.402 Thread 0x0000010b76ff8600 nmethod 17968 0x0000010b009f3290 code [0x0000010b009f3520, 0x0000010b009f3fe8]
Event: 2690.410 Thread 0x0000010b76ff8600 17970       3       java.util.concurrent.ScheduledThreadPoolExecutor$ScheduledFutureTask::setNextRunTime (38 bytes)
Event: 2690.426 Thread 0x0000010b76ff8600 nmethod 17970 0x0000010b009f2d90 code [0x0000010b009f2f40, 0x0000010b009f31d0]
Event: 2690.426 Thread 0x0000010b76ff8600 17971       3       java.util.concurrent.ScheduledThreadPoolExecutor::reExecutePeriodic (49 bytes)
Event: 2690.439 Thread 0x0000010b76ff8600 nmethod 17971 0x0000010b009f2190 code [0x0000010b009f23c0, 0x0000010b009f2b40]
Event: 2730.451 Thread 0x0000010b76ff8600 17972       3       java.lang.ProcessHandleImpl::<init> (15 bytes)
Event: 2730.456 Thread 0x0000010b76ff8600 nmethod 17972 0x0000010b00a65590 code [0x0000010b00a65740, 0x0000010b00a658b0]
Event: 2760.519 Thread 0x0000010b76ff8600 17973       3       java.lang.ProcessHandleImpl::get (51 bytes)
Event: 2760.555 Thread 0x0000010b76ff8600 nmethod 17973 0x0000010b009f1710 code [0x0000010b009f1920, 0x0000010b009f1f28]
Event: 2780.560 Thread 0x0000010b76ff8600 17974       3       java.lang.ProcessHandle::of (5 bytes)
Event: 2780.562 Thread 0x0000010b76ff8600 nmethod 17974 0x0000010b00d65390 code [0x0000010b00d65540, 0x0000010b00d65658]
Event: 2780.563 Thread 0x0000010b76ff8600 17975       3       java.lang.ProcessHandleImpl::isAlive (44 bytes)
Event: 2780.564 Thread 0x0000010b76ff8600 nmethod 17975 0x0000010b009f1210 code [0x0000010b009f13c0, 0x0000010b009f1620]
Event: 3411.412 Thread 0x0000010b76ff8600 17976   !   3       java.lang.ref.ReferenceQueue::remove (61 bytes)
Event: 3411.489 Thread 0x0000010b76ff8600 nmethod 17976 0x0000010b009f0010 code [0x0000010b009f02a0, 0x0000010b009f0e28]

GC Heap History (20 events):
Event: 83.669 GC heap before
{Heap before GC invocations=367 (full 4):
 PSYoungGen      total 3584K, used 3008K [0x00000000d5580000, 0x00000000d5a00000, 0x0000000100000000)
  eden space 2560K, 100% used [0x00000000d5580000,0x00000000d5800000,0x00000000d5800000)
  from space 1024K, 43% used [0x00000000d5900000,0x00000000d5970000,0x00000000d5a00000)
  to   space 1024K, 0% used [0x00000000d5800000,0x00000000d5800000,0x00000000d5900000)
 ParOldGen       total 302080K, used 153111K [0x0000000080000000, 0x0000000092700000, 0x00000000d5580000)
  object space 302080K, 50% used [0x0000000080000000,0x0000000089585fe0,0x0000000092700000)
 Metaspace       used 90507K, committed 92416K, reserved 1179648K
  class space    used 10451K, committed 11328K, reserved 1048576K
}
Event: 83.670 GC heap after
{Heap after GC invocations=367 (full 4):
 PSYoungGen      total 3584K, used 384K [0x00000000d5580000, 0x00000000d5980000, 0x0000000100000000)
  eden space 2560K, 0% used [0x00000000d5580000,0x00000000d5580000,0x00000000d5800000)
  from space 1024K, 37% used [0x00000000d5800000,0x00000000d5860000,0x00000000d5900000)
  to   space 512K, 0% used [0x00000000d5900000,0x00000000d5900000,0x00000000d5980000)
 ParOldGen       total 302080K, used 153335K [0x0000000080000000, 0x0000000092700000, 0x00000000d5580000)
  object space 302080K, 50% used [0x0000000080000000,0x00000000895bdff0,0x0000000092700000)
 Metaspace       used 90507K, committed 92416K, reserved 1179648K
  class space    used 10451K, committed 11328K, reserved 1048576K
}
Event: 83.737 GC heap before
{Heap before GC invocations=368 (full 4):
 PSYoungGen      total 3584K, used 2944K [0x00000000d5580000, 0x00000000d5980000, 0x0000000100000000)
  eden space 2560K, 100% used [0x00000000d5580000,0x00000000d5800000,0x00000000d5800000)
  from space 1024K, 37% used [0x00000000d5800000,0x00000000d5860000,0x00000000d5900000)
  to   space 512K, 0% used [0x00000000d5900000,0x00000000d5900000,0x00000000d5980000)
 ParOldGen       total 302080K, used 153335K [0x0000000080000000, 0x0000000092700000, 0x00000000d5580000)
  object space 302080K, 50% used [0x0000000080000000,0x00000000895bdff0,0x0000000092700000)
 Metaspace       used 90744K, committed 92608K, reserved 1179648K
  class space    used 10475K, committed 11328K, reserved 1048576K
}
Event: 83.738 GC heap after
{Heap after GC invocations=368 (full 4):
 PSYoungGen      total 3072K, used 485K [0x00000000d5580000, 0x00000000d5a00000, 0x0000000100000000)
  eden space 2560K, 0% used [0x00000000d5580000,0x00000000d5580000,0x00000000d5800000)
  from space 512K, 94% used [0x00000000d5900000,0x00000000d5979420,0x00000000d5980000)
  to   space 1024K, 0% used [0x00000000d5800000,0x00000000d5800000,0x00000000d5900000)
 ParOldGen       total 302080K, used 153517K [0x0000000080000000, 0x0000000092700000, 0x00000000d5580000)
  object space 302080K, 50% used [0x0000000080000000,0x00000000895eb718,0x0000000092700000)
 Metaspace       used 90744K, committed 92608K, reserved 1179648K
  class space    used 10475K, committed 11328K, reserved 1048576K
}
Event: 83.872 GC heap before
{Heap before GC invocations=369 (full 4):
 PSYoungGen      total 3072K, used 3044K [0x00000000d5580000, 0x00000000d5a00000, 0x0000000100000000)
  eden space 2560K, 99% used [0x00000000d5580000,0x00000000d57ffd38,0x00000000d5800000)
  from space 512K, 94% used [0x00000000d5900000,0x00000000d5979420,0x00000000d5980000)
  to   space 1024K, 0% used [0x00000000d5800000,0x00000000d5800000,0x00000000d5900000)
 ParOldGen       total 302080K, used 184237K [0x0000000080000000, 0x0000000092700000, 0x00000000d5580000)
  object space 302080K, 60% used [0x0000000080000000,0x000000008b3eb748,0x0000000092700000)
 Metaspace       used 90937K, committed 92800K, reserved 1179648K
  class space    used 10495K, committed 11328K, reserved 1048576K
}
Event: 83.873 GC heap after
{Heap after GC invocations=369 (full 4):
 PSYoungGen      total 3584K, used 352K [0x00000000d5580000, 0x00000000d5980000, 0x0000000100000000)
  eden space 2560K, 0% used [0x00000000d5580000,0x00000000d5580000,0x00000000d5800000)
  from space 1024K, 34% used [0x00000000d5800000,0x00000000d5858000,0x00000000d5900000)
  to   space 512K, 0% used [0x00000000d5900000,0x00000000d5900000,0x00000000d5980000)
 ParOldGen       total 302080K, used 184508K [0x0000000080000000, 0x0000000092700000, 0x00000000d5580000)
  object space 302080K, 61% used [0x0000000080000000,0x000000008b42f1a8,0x0000000092700000)
 Metaspace       used 90937K, committed 92800K, reserved 1179648K
  class space    used 10495K, committed 11328K, reserved 1048576K
}
Event: 83.961 GC heap before
{Heap before GC invocations=370 (full 4):
 PSYoungGen      total 3584K, used 2912K [0x00000000d5580000, 0x00000000d5980000, 0x0000000100000000)
  eden space 2560K, 100% used [0x00000000d5580000,0x00000000d5800000,0x00000000d5800000)
  from space 1024K, 34% used [0x00000000d5800000,0x00000000d5858000,0x00000000d5900000)
  to   space 512K, 0% used [0x00000000d5900000,0x00000000d5900000,0x00000000d5980000)
 ParOldGen       total 302080K, used 184508K [0x0000000080000000, 0x0000000092700000, 0x00000000d5580000)
  object space 302080K, 61% used [0x0000000080000000,0x000000008b42f1a8,0x0000000092700000)
 Metaspace       used 90965K, committed 92800K, reserved 1179648K
  class space    used 10497K, committed 11328K, reserved 1048576K
}
Event: 83.962 GC heap after
{Heap after GC invocations=370 (full 4):
 PSYoungGen      total 3072K, used 320K [0x00000000d5580000, 0x00000000d5980000, 0x0000000100000000)
  eden space 2560K, 0% used [0x00000000d5580000,0x00000000d5580000,0x00000000d5800000)
  from space 512K, 62% used [0x00000000d5900000,0x00000000d5950000,0x00000000d5980000)
  to   space 512K, 0% used [0x00000000d5880000,0x00000000d5880000,0x00000000d5900000)
 ParOldGen       total 302080K, used 184636K [0x0000000080000000, 0x0000000092700000, 0x00000000d5580000)
  object space 302080K, 61% used [0x0000000080000000,0x000000008b44f1a8,0x0000000092700000)
 Metaspace       used 90965K, committed 92800K, reserved 1179648K
  class space    used 10497K, committed 11328K, reserved 1048576K
}
Event: 322.641 GC heap before
{Heap before GC invocations=371 (full 4):
 PSYoungGen      total 3072K, used 2880K [0x00000000d5580000, 0x00000000d5980000, 0x0000000100000000)
  eden space 2560K, 100% used [0x00000000d5580000,0x00000000d5800000,0x00000000d5800000)
  from space 512K, 62% used [0x00000000d5900000,0x00000000d5950000,0x00000000d5980000)
  to   space 512K, 0% used [0x00000000d5880000,0x00000000d5880000,0x00000000d5900000)
 ParOldGen       total 302080K, used 184636K [0x0000000080000000, 0x0000000092700000, 0x00000000d5580000)
  object space 302080K, 61% used [0x0000000080000000,0x000000008b44f1a8,0x0000000092700000)
 Metaspace       used 91142K, committed 93056K, reserved 1179648K
  class space    used 10518K, committed 11392K, reserved 1048576K
}
Event: 322.675 GC heap after
{Heap after GC invocations=371 (full 4):
 PSYoungGen      total 3072K, used 384K [0x00000000d5580000, 0x00000000d5980000, 0x0000000100000000)
  eden space 2560K, 0% used [0x00000000d5580000,0x00000000d5580000,0x00000000d5800000)
  from space 512K, 75% used [0x00000000d5880000,0x00000000d58e0000,0x00000000d5900000)
  to   space 512K, 0% used [0x00000000d5900000,0x00000000d5900000,0x00000000d5980000)
 ParOldGen       total 302080K, used 184700K [0x0000000080000000, 0x0000000092700000, 0x00000000d5580000)
  object space 302080K, 61% used [0x0000000080000000,0x000000008b45f1a8,0x0000000092700000)
 Metaspace       used 91142K, committed 93056K, reserved 1179648K
  class space    used 10518K, committed 11392K, reserved 1048576K
}
Event: 2157.737 GC heap before
{Heap before GC invocations=372 (full 4):
 PSYoungGen      total 3072K, used 2944K [0x00000000d5580000, 0x00000000d5980000, 0x0000000100000000)
  eden space 2560K, 100% used [0x00000000d5580000,0x00000000d5800000,0x00000000d5800000)
  from space 512K, 75% used [0x00000000d5880000,0x00000000d58e0000,0x00000000d5900000)
  to   space 512K, 0% used [0x00000000d5900000,0x00000000d5900000,0x00000000d5980000)
 ParOldGen       total 302080K, used 184700K [0x0000000080000000, 0x0000000092700000, 0x00000000d5580000)
  object space 302080K, 61% used [0x0000000080000000,0x000000008b45f1a8,0x0000000092700000)
 Metaspace       used 91298K, committed 93184K, reserved 1179648K
  class space    used 10526K, committed 11392K, reserved 1048576K
}
Event: 2157.948 GC heap after
{Heap after GC invocations=372 (full 4):
 PSYoungGen      total 3072K, used 448K [0x00000000d5580000, 0x00000000d5980000, 0x0000000100000000)
  eden space 2560K, 0% used [0x00000000d5580000,0x00000000d5580000,0x00000000d5800000)
  from space 512K, 87% used [0x00000000d5900000,0x00000000d5970020,0x00000000d5980000)
  to   space 512K, 0% used [0x00000000d5880000,0x00000000d5880000,0x00000000d5900000)
 ParOldGen       total 302080K, used 184812K [0x0000000080000000, 0x0000000092700000, 0x00000000d5580000)
  object space 302080K, 61% used [0x0000000080000000,0x000000008b47b1a8,0x0000000092700000)
 Metaspace       used 91298K, committed 93184K, reserved 1179648K
  class space    used 10526K, committed 11392K, reserved 1048576K
}
Event: 2169.173 GC heap before
{Heap before GC invocations=373 (full 4):
 PSYoungGen      total 3072K, used 3008K [0x00000000d5580000, 0x00000000d5980000, 0x0000000100000000)
  eden space 2560K, 100% used [0x00000000d5580000,0x00000000d5800000,0x00000000d5800000)
  from space 512K, 87% used [0x00000000d5900000,0x00000000d5970020,0x00000000d5980000)
  to   space 512K, 0% used [0x00000000d5880000,0x00000000d5880000,0x00000000d5900000)
 ParOldGen       total 302080K, used 184812K [0x0000000080000000, 0x0000000092700000, 0x00000000d5580000)
  object space 302080K, 61% used [0x0000000080000000,0x000000008b47b1a8,0x0000000092700000)
 Metaspace       used 91314K, committed 93184K, reserved 1179648K
  class space    used 10528K, committed 11392K, reserved 1048576K
}
Event: 2169.203 GC heap after
{Heap after GC invocations=373 (full 4):
 PSYoungGen      total 3072K, used 384K [0x00000000d5580000, 0x00000000d5980000, 0x0000000100000000)
  eden space 2560K, 0% used [0x00000000d5580000,0x00000000d5580000,0x00000000d5800000)
  from space 512K, 75% used [0x00000000d5880000,0x00000000d58e0000,0x00000000d5900000)
  to   space 512K, 0% used [0x00000000d5900000,0x00000000d5900000,0x00000000d5980000)
 ParOldGen       total 302080K, used 185060K [0x0000000080000000, 0x0000000092700000, 0x00000000d5580000)
  object space 302080K, 61% used [0x0000000080000000,0x000000008b4b91d8,0x0000000092700000)
 Metaspace       used 91314K, committed 93184K, reserved 1179648K
  class space    used 10528K, committed 11392K, reserved 1048576K
}
Event: 2170.127 GC heap before
{Heap before GC invocations=374 (full 4):
 PSYoungGen      total 3072K, used 2944K [0x00000000d5580000, 0x00000000d5980000, 0x0000000100000000)
  eden space 2560K, 100% used [0x00000000d5580000,0x00000000d5800000,0x00000000d5800000)
  from space 512K, 75% used [0x00000000d5880000,0x00000000d58e0000,0x00000000d5900000)
  to   space 512K, 0% used [0x00000000d5900000,0x00000000d5900000,0x00000000d5980000)
 ParOldGen       total 302080K, used 185060K [0x0000000080000000, 0x0000000092700000, 0x00000000d5580000)
  object space 302080K, 61% used [0x0000000080000000,0x000000008b4b91d8,0x0000000092700000)
 Metaspace       used 91337K, committed 93248K, reserved 1179648K
  class space    used 10528K, committed 11392K, reserved 1048576K
}
Event: 2170.131 GC heap after
{Heap after GC invocations=374 (full 4):
 PSYoungGen      total 3072K, used 384K [0x00000000d5580000, 0x00000000d5980000, 0x0000000100000000)
  eden space 2560K, 0% used [0x00000000d5580000,0x00000000d5580000,0x00000000d5800000)
  from space 512K, 75% used [0x00000000d5900000,0x00000000d5960000,0x00000000d5980000)
  to   space 512K, 0% used [0x00000000d5880000,0x00000000d5880000,0x00000000d5900000)
 ParOldGen       total 302080K, used 185148K [0x0000000080000000, 0x0000000092700000, 0x00000000d5580000)
  object space 302080K, 61% used [0x0000000080000000,0x000000008b4cf1d8,0x0000000092700000)
 Metaspace       used 91337K, committed 93248K, reserved 1179648K
  class space    used 10528K, committed 11392K, reserved 1048576K
}
Event: 2170.678 GC heap before
{Heap before GC invocations=375 (full 4):
 PSYoungGen      total 3072K, used 2944K [0x00000000d5580000, 0x00000000d5980000, 0x0000000100000000)
  eden space 2560K, 100% used [0x00000000d5580000,0x00000000d5800000,0x00000000d5800000)
  from space 512K, 75% used [0x00000000d5900000,0x00000000d5960000,0x00000000d5980000)
  to   space 512K, 0% used [0x00000000d5880000,0x00000000d5880000,0x00000000d5900000)
 ParOldGen       total 302080K, used 185148K [0x0000000080000000, 0x0000000092700000, 0x00000000d5580000)
  object space 302080K, 61% used [0x0000000080000000,0x000000008b4cf1d8,0x0000000092700000)
 Metaspace       used 91354K, committed 93248K, reserved 1179648K
  class space    used 10528K, committed 11392K, reserved 1048576K
}
Event: 2170.682 GC heap after
{Heap after GC invocations=375 (full 4):
 PSYoungGen      total 3072K, used 352K [0x00000000d5580000, 0x00000000d5980000, 0x0000000100000000)
  eden space 2560K, 0% used [0x00000000d5580000,0x00000000d5580000,0x00000000d5800000)
  from space 512K, 68% used [0x00000000d5880000,0x00000000d58d8000,0x00000000d5900000)
  to   space 512K, 0% used [0x00000000d5900000,0x00000000d5900000,0x00000000d5980000)
 ParOldGen       total 302080K, used 185228K [0x0000000080000000, 0x0000000092700000, 0x00000000d5580000)
  object space 302080K, 61% used [0x0000000080000000,0x000000008b4e31d8,0x0000000092700000)
 Metaspace       used 91354K, committed 93248K, reserved 1179648K
  class space    used 10528K, committed 11392K, reserved 1048576K
}
Event: 2171.745 GC heap before
{Heap before GC invocations=376 (full 4):
 PSYoungGen      total 3072K, used 2912K [0x00000000d5580000, 0x00000000d5980000, 0x0000000100000000)
  eden space 2560K, 100% used [0x00000000d5580000,0x00000000d5800000,0x00000000d5800000)
  from space 512K, 68% used [0x00000000d5880000,0x00000000d58d8000,0x00000000d5900000)
  to   space 512K, 0% used [0x00000000d5900000,0x00000000d5900000,0x00000000d5980000)
 ParOldGen       total 302080K, used 185228K [0x0000000080000000, 0x0000000092700000, 0x00000000d5580000)
  object space 302080K, 61% used [0x0000000080000000,0x000000008b4e31d8,0x0000000092700000)
 Metaspace       used 91373K, committed 93248K, reserved 1179648K
  class space    used 10528K, committed 11392K, reserved 1048576K
}
Event: 2171.749 GC heap after
{Heap after GC invocations=376 (full 4):
 PSYoungGen      total 3072K, used 416K [0x00000000d5580000, 0x00000000d5980000, 0x0000000100000000)
  eden space 2560K, 0% used [0x00000000d5580000,0x00000000d5580000,0x00000000d5800000)
  from space 512K, 81% used [0x00000000d5900000,0x00000000d5968000,0x00000000d5980000)
  to   space 512K, 0% used [0x00000000d5880000,0x00000000d5880000,0x00000000d5900000)
 ParOldGen       total 302080K, used 185300K [0x0000000080000000, 0x0000000092700000, 0x00000000d5580000)
  object space 302080K, 61% used [0x0000000080000000,0x000000008b4f51d8,0x0000000092700000)
 Metaspace       used 91373K, committed 93248K, reserved 1179648K
  class space    used 10528K, committed 11392K, reserved 1048576K
}

Dll operation events (15 events):
Event: 0.010 Loaded shared library c:\Users\Edralyn\.vscode\extensions\redhat.java-1.54.0-win32-x64\jre\21.0.10-win32-x86_64\bin\java.dll
Event: 0.070 Loaded shared library c:\Users\Edralyn\.vscode\extensions\redhat.java-1.54.0-win32-x64\jre\21.0.10-win32-x86_64\bin\zip.dll
Event: 0.088 Loaded shared library C:\Users\Edralyn\.vscode\extensions\redhat.java-1.54.0-win32-x64\jre\21.0.10-win32-x86_64\bin\instrument.dll
Event: 0.092 Loaded shared library C:\Users\Edralyn\.vscode\extensions\redhat.java-1.54.0-win32-x64\jre\21.0.10-win32-x86_64\bin\net.dll
Event: 0.094 Loaded shared library C:\Users\Edralyn\.vscode\extensions\redhat.java-1.54.0-win32-x64\jre\21.0.10-win32-x86_64\bin\nio.dll
Event: 0.098 Loaded shared library C:\Users\Edralyn\.vscode\extensions\redhat.java-1.54.0-win32-x64\jre\21.0.10-win32-x86_64\bin\zip.dll
Event: 0.115 Loaded shared library C:\Users\Edralyn\.vscode\extensions\redhat.java-1.54.0-win32-x64\jre\21.0.10-win32-x86_64\bin\jimage.dll
Event: 0.186 Loaded shared library c:\Users\Edralyn\.vscode\extensions\redhat.java-1.54.0-win32-x64\jre\21.0.10-win32-x86_64\bin\verify.dll
Event: 9.418 Loaded shared library C:\Users\Edralyn\AppData\Roaming\Code\User\globalStorage\redhat.java\1.54.0\config_win\org.eclipse.equinox.launcher\org.eclipse.equinox.launcher.win32.win32.x86_64_1.3.0.v20260203-2149\eclipse_11919.dll
Event: 17.278 Loaded shared library C:\Users\Edralyn\AppData\Local\Temp\jna--215561581\jna5618737882996026783.dll
Event: 18.789 Loaded shared library C:\Users\Edralyn\.gradle\native\c067742578af261105cb4f569cf0c3c89f3d7b1fecec35dd04571415982c5e48\windows-amd64\native-platform.dll
Event: 19.557 Loaded shared library C:\Users\Edralyn\.vscode\extensions\redhat.java-1.54.0-win32-x64\jre\21.0.10-win32-x86_64\bin\management.dll
Event: 19.561 Loaded shared library C:\Users\Edralyn\.vscode\extensions\redhat.java-1.54.0-win32-x64\jre\21.0.10-win32-x86_64\bin\management_ext.dll
Event: 21.688 Loaded shared library C:\Users\Edralyn\.vscode\extensions\redhat.java-1.54.0-win32-x64\jre\21.0.10-win32-x86_64\bin\extnet.dll
Event: 21.729 Loaded shared library C:\Users\Edralyn\.vscode\extensions\redhat.java-1.54.0-win32-x64\jre\21.0.10-win32-x86_64\bin\sunmscapi.dll

Deoptimization events (20 events):
Event: 2168.986 Thread 0x0000010b526b6260 Uncommon trap: trap_request=0xfffffff4 fr.pc=0x0000010b082a1614 relative=0x0000000000000734
Event: 2168.987 Thread 0x0000010b526b6260 Uncommon trap: reason=null_check action=make_not_entrant pc=0x0000010b082a1614 method=java.io.ObjectStreamClass.getField(Ljava/lang/String;Ljava/lang/Class;)Ljava/io/ObjectStreamField; @ 67 c2
Event: 2168.987 Thread 0x0000010b526b6260 DEOPT PACKING pc=0x0000010b082a1614 sp=0x0000000580bfdb50
Event: 2168.988 Thread 0x0000010b526b6260 DEOPT UNPACKING pc=0x0000010b074a6da2 sp=0x0000000580bfdad8 mode 2
Event: 2170.640 Thread 0x0000010b526b8330 DEOPT PACKING pc=0x0000010b00cb7d1a sp=0x0000000580afe850
Event: 2170.641 Thread 0x0000010b526b8330 DEOPT UNPACKING pc=0x0000010b074a78e2 sp=0x0000000580afdca0 mode 0
Event: 2459.457 Thread 0x0000010b7d511b20 Uncommon trap: trap_request=0xffffff45 fr.pc=0x0000010b085915c8 relative=0x0000000000000188
Event: 2459.457 Thread 0x0000010b7d511b20 Uncommon trap: reason=unstable_if action=reinterpret pc=0x0000010b085915c8 method=java.io.ObjectOutputStream$HandleTable.lookup(Ljava/lang/Object;)I @ 4 c2
Event: 2459.457 Thread 0x0000010b7d511b20 DEOPT PACKING pc=0x0000010b085915c8 sp=0x00000005ff0fed00
Event: 2459.459 Thread 0x0000010b7d511b20 DEOPT UNPACKING pc=0x0000010b074a6da2 sp=0x00000005ff0fec90 mode 2
Event: 2532.007 Thread 0x0000010b51bf0680 DEOPT PACKING pc=0x0000010b00c0faab sp=0x00000005825ff0d0
Event: 2532.021 Thread 0x0000010b51bf0680 DEOPT UNPACKING pc=0x0000010b074a78e2 sp=0x00000005825fe5b8 mode 0
Event: 2721.068 Thread 0x0000010b51bf1a30 DEOPT PACKING pc=0x0000010b00c0faab sp=0x00000005820ff4a0
Event: 2721.069 Thread 0x0000010b51bf1a30 DEOPT UNPACKING pc=0x0000010b074a78e2 sp=0x00000005820fe988 mode 0
Event: 2926.823 Thread 0x0000010b5009d790 DEOPT PACKING pc=0x0000010b00c0faab sp=0x00000005804ff480
Event: 2926.825 Thread 0x0000010b5009d790 DEOPT UNPACKING pc=0x0000010b074a78e2 sp=0x00000005804fe968 mode 0
Event: 3135.427 Thread 0x0000010b5009a310 DEOPT PACKING pc=0x0000010b00c0faab sp=0x00000005805ff4b0
Event: 3135.464 Thread 0x0000010b5009a310 DEOPT UNPACKING pc=0x0000010b074a78e2 sp=0x00000005805fe998 mode 0
Event: 3363.595 Thread 0x0000010b51befff0 DEOPT PACKING pc=0x0000010b00c0faab sp=0x00000005821fef70
Event: 3363.602 Thread 0x0000010b51befff0 DEOPT UNPACKING pc=0x0000010b074a78e2 sp=0x00000005821fe458 mode 0

Classes loaded (20 events):
Event: 80.071 Loading class sun/nio/ch/ChannelOutputStream
Event: 80.072 Loading class sun/nio/ch/ChannelOutputStream done
Event: 80.401 Loading class java/util/ArrayDeque$DeqSpliterator
Event: 80.402 Loading class java/util/ArrayDeque$DeqSpliterator done
Event: 80.957 Loading class jdk/internal/module/IllegalAccessLogger
Event: 80.957 Loading class jdk/internal/module/IllegalAccessLogger done
Event: 82.608 Loading class sun/nio/fs/WindowsFileCopy
Event: 82.609 Loading class sun/nio/fs/WindowsFileCopy done
Event: 83.846 Loading class java/nio/file/attribute/PosixFileAttributes
Event: 83.847 Loading class java/nio/file/attribute/PosixFileAttributes done
Event: 322.394 Loading class java/util/stream/Nodes$CollectorTask$OfRef
Event: 322.398 Loading class java/util/stream/Nodes$CollectorTask
Event: 322.404 Loading class java/util/stream/Nodes$CollectorTask done
Event: 322.404 Loading class java/util/stream/Nodes$CollectorTask$OfRef done
Event: 322.509 Loading class java/util/function/LongFunction
Event: 322.510 Loading class java/util/function/LongFunction done
Event: 322.512 Loading class java/util/stream/Nodes$ConcNode
Event: 322.515 Loading class java/util/stream/Nodes$AbstractConcNode
Event: 322.517 Loading class java/util/stream/Nodes$AbstractConcNode done
Event: 322.517 Loading class java/util/stream/Nodes$ConcNode done

Classes unloaded (15 events):
Event: 17.595 Thread 0x0000010b76fd3230 Unloading class 0x0000010b101acc00 'java/lang/invoke/LambdaForm$MH+0x0000010b101acc00'
Event: 17.595 Thread 0x0000010b76fd3230 Unloading class 0x0000010b101ac800 'java/lang/invoke/LambdaForm$MH+0x0000010b101ac800'
Event: 17.595 Thread 0x0000010b76fd3230 Unloading class 0x0000010b101ac400 'java/lang/invoke/LambdaForm$MH+0x0000010b101ac400'
Event: 17.595 Thread 0x0000010b76fd3230 Unloading class 0x0000010b101ac000 'java/lang/invoke/LambdaForm$MH+0x0000010b101ac000'
Event: 17.595 Thread 0x0000010b76fd3230 Unloading class 0x0000010b101abc00 'java/lang/invoke/LambdaForm$BMH+0x0000010b101abc00'
Event: 17.595 Thread 0x0000010b76fd3230 Unloading class 0x0000010b101ab800 'java/lang/invoke/LambdaForm$DMH+0x0000010b101ab800'
Event: 17.595 Thread 0x0000010b76fd3230 Unloading class 0x0000010b101aa400 'java/lang/invoke/LambdaForm$DMH+0x0000010b101aa400'
Event: 81.447 Thread 0x0000010b76fd3230 Unloading class 0x0000010b10a6d400 'java/lang/invoke/LambdaForm$DMH+0x0000010b10a6d400'
Event: 81.447 Thread 0x0000010b76fd3230 Unloading class 0x0000010b10a6d000 'java/lang/invoke/LambdaForm$DMH+0x0000010b10a6d000'
Event: 81.447 Thread 0x0000010b76fd3230 Unloading class 0x0000010b10a6cc00 'java/lang/invoke/LambdaForm$DMH+0x0000010b10a6cc00'
Event: 81.447 Thread 0x0000010b76fd3230 Unloading class 0x0000010b10a6c800 'java/lang/invoke/LambdaForm$DMH+0x0000010b10a6c800'
Event: 81.447 Thread 0x0000010b76fd3230 Unloading class 0x0000010b10a25800 'java/lang/invoke/LambdaForm$MH+0x0000010b10a25800'
Event: 81.447 Thread 0x0000010b76fd3230 Unloading class 0x0000010b10a24c00 'java/lang/invoke/LambdaForm$MH+0x0000010b10a24c00'
Event: 81.447 Thread 0x0000010b76fd3230 Unloading class 0x0000010b10a24400 'java/lang/invoke/LambdaForm$MH+0x0000010b10a24400'
Event: 81.448 Thread 0x0000010b76fd3230 Unloading class 0x0000010b10a08400 'java/lang/invoke/LambdaForm$DMH+0x0000010b10a08400'

Classes redefined (0 events):
No events

Internal exceptions (20 events):
Event: 80.715 Thread 0x0000010b7e76a4e0 Exception <a 'java/lang/NoSuchMethodError'{0x00000000d5c3e7a0}: 'java.lang.Object java.lang.invoke.DirectMethodHandle$Holder.invokeSpecial(java.lang.Object, java.lang.Object, java.lang.Object, java.lang.Object, java.lang.Object, int)'> (0x00000000d5c3e7a0) 
thrown [s\src\hotspot\share\interpreter\linkResolver.cpp, line 773]
Event: 80.715 Thread 0x0000010b7e76a4e0 Exception <a 'java/lang/NoSuchMethodError'{0x00000000d5c42220}: 'java.lang.Object java.lang.invoke.Invokers$Holder.linkToTargetMethod(java.lang.Object, java.lang.Object, java.lang.Object, int, java.lang.Object)'> (0x00000000d5c42220) 
thrown [s\src\hotspot\share\interpreter\linkResolver.cpp, line 773]
Event: 82.584 Thread 0x0000010b7d511b20 Exception <a 'java/lang/NoSuchMethodError'{0x00000000d571efc8}: 'java.lang.Object java.lang.invoke.DirectMethodHandle$Holder.newInvokeSpecial(java.lang.Object, java.lang.Object, int, java.lang.Object, java.lang.Object)'> (0x00000000d571efc8) 
thrown [s\src\hotspot\share\interpreter\linkResolver.cpp, line 773]
Event: 82.610 Thread 0x0000010b7d50ed30 Exception <a 'sun/nio/fs/WindowsException'{0x00000000d5647b08}> (0x00000000d5647b08) 
thrown [s\src\hotspot\share\prims\jni.cpp, line 520]
Event: 82.619 Thread 0x0000010b7d511b20 Exception <a 'java/lang/NoSuchMethodError'{0x00000000d5993340}: 'java.lang.Object java.lang.invoke.DirectMethodHandle$Holder.invokeSpecial(java.lang.Object, java.lang.Object, java.lang.Object, int, java.lang.Object, java.lang.Object, java.lang.Object)'> (0x00000000d5993340) 
thrown [s\src\hotspot\share\interpreter\linkResolver.cpp, line 773]
Event: 82.679 Thread 0x0000010b7d511b20 Exception <a 'java/lang/NoSuchMethodError'{0x00000000d5ac06c8}: 'void java.lang.invoke.DirectMethodHandle$Holder.invokeStatic(java.lang.Object, int)'> (0x00000000d5ac06c8) 
thrown [s\src\hotspot\share\interpreter\linkResolver.cpp, line 773]
Event: 83.021 Thread 0x0000010b7d50ed30 Exception <a 'sun/nio/fs/WindowsException'{0x00000000d56c07a8}> (0x00000000d56c07a8) 
thrown [s\src\hotspot\share\prims\jni.cpp, line 520]
Event: 83.333 Thread 0x0000010b7d511b20 Exception <a 'java/io/FileNotFoundException'{0x00000000d57391b0}> (0x00000000d57391b0) 
thrown [s\src\hotspot\share\prims\jni.cpp, line 520]
Event: 83.335 Thread 0x0000010b7d511b20 Exception <a 'java/io/FileNotFoundException'{0x00000000d573a458}> (0x00000000d573a458) 
thrown [s\src\hotspot\share\prims\jni.cpp, line 520]
Event: 83.335 Thread 0x0000010b7d511b20 Exception <a 'java/io/FileNotFoundException'{0x00000000d573c110}> (0x00000000d573c110) 
thrown [s\src\hotspot\share\prims\jni.cpp, line 520]
Event: 83.590 Thread 0x0000010b7d511b20 Implicit null exception at 0x0000010b07e8965f to 0x0000010b07e8a4f4
Event: 322.620 Thread 0x0000010b7d511b20 Exception <a 'sun/nio/fs/WindowsException'{0x00000000d57e3658}> (0x00000000d57e3658) 
thrown [s\src\hotspot\share\prims\jni.cpp, line 520]
Event: 322.622 Thread 0x0000010b7d511b20 Exception <a 'sun/nio/fs/WindowsException'{0x00000000d57e41d8}> (0x00000000d57e41d8) 
thrown [s\src\hotspot\share\prims\jni.cpp, line 520]
Event: 322.628 Thread 0x0000010b7d511b20 Implicit null exception at 0x0000010b0822128d to 0x0000010b08221604
Event: 322.740 Thread 0x0000010b7d511b20 Exception <a 'java/lang/NoSuchMethodError'{0x00000000d55de528}: static [J.<clinit>()V> (0x00000000d55de528) 
thrown [s\src\hotspot\share\prims\jni.cpp, line 1111]
Event: 322.784 Thread 0x0000010b7d511b20 Exception <a 'java/lang/NoSuchMethodError'{0x00000000d5613090}: 'java.lang.Object java.lang.invoke.DirectMethodHandle$Holder.newInvokeSpecial(java.lang.Object, java.lang.Object, java.lang.Object, java.lang.Object, java.lang.Object, java.lang.Object, java.lang.Object, java.lang.Object)'> (0x00000000d5613090) 
thrown [s\src\hotspot\share\interpreter\linkResolver.cpp, line 773]
Event: 2157.534 Thread 0x0000010b5009b6c0 Implicit null exception at 0x0000010b0837ab8d to 0x0000010b0837aedc
Event: 2168.986 Thread 0x0000010b526b6260 Implicit null exception at 0x0000010b082a11d9 to 0x0000010b082a15e4
Event: 2459.414 Thread 0x0000010b7d511b20 Exception <a 'sun/nio/fs/WindowsException'{0x00000000d5685548}> (0x00000000d5685548) 
thrown [s\src\hotspot\share\prims\jni.cpp, line 520]
Event: 2459.420 Thread 0x0000010b7d511b20 Exception <a 'sun/nio/fs/WindowsException'{0x00000000d56860c8}> (0x00000000d56860c8) 
thrown [s\src\hotspot\share\prims\jni.cpp, line 520]

ZGC Phase Switch (0 events):
No events

VM Operations (20 events):
Event: 3185.865 Executing non-safepoint VM operation: HandshakeAllThreads (HandshakeForDeflation)
Event: 3185.867 Executing non-safepoint VM operation: HandshakeAllThreads (HandshakeForDeflation) done
Event: 3185.867 Executing non-safepoint VM operation: RendezvousGCThreads
Event: 3185.868 Executing non-safepoint VM operation: RendezvousGCThreads done
Event: 3246.091 Executing non-safepoint VM operation: HandshakeAllThreads (HandshakeForDeflation)
Event: 3246.096 Executing non-safepoint VM operation: HandshakeAllThreads (HandshakeForDeflation) done
Event: 3246.096 Executing non-safepoint VM operation: RendezvousGCThreads
Event: 3246.097 Executing non-safepoint VM operation: RendezvousGCThreads done
Event: 3306.328 Executing non-safepoint VM operation: HandshakeAllThreads (HandshakeForDeflation)
Event: 3306.331 Executing non-safepoint VM operation: HandshakeAllThreads (HandshakeForDeflation) done
Event: 3306.331 Executing non-safepoint VM operation: RendezvousGCThreads
Event: 3306.332 Executing non-safepoint VM operation: RendezvousGCThreads done
Event: 3366.489 Executing non-safepoint VM operation: HandshakeAllThreads (HandshakeForDeflation)
Event: 3366.598 Executing non-safepoint VM operation: HandshakeAllThreads (HandshakeForDeflation) done
Event: 3366.628 Executing non-safepoint VM operation: RendezvousGCThreads
Event: 3366.632 Executing non-safepoint VM operation: RendezvousGCThreads done
Event: 3426.662 Executing non-safepoint VM operation: HandshakeAllThreads (HandshakeForDeflation)
Event: 3426.786 Executing non-safepoint VM operation: HandshakeAllThreads (HandshakeForDeflation) done
Event: 3426.787 Executing non-safepoint VM operation: RendezvousGCThreads
Event: 3426.787 Executing non-safepoint VM operation: RendezvousGCThreads done

Memory protections (0 events):
No events

Nmethod flushes (20 events):
Event: 81.791 Thread 0x0000010b76fd3230 flushing  nmethod 0x0000010b00d47a90
Event: 81.791 Thread 0x0000010b76fd3230 flushing  nmethod 0x0000010b00d48110
Event: 81.791 Thread 0x0000010b76fd3230 flushing  nmethod 0x0000010b00d49910
Event: 81.791 Thread 0x0000010b76fd3230 flushing  nmethod 0x0000010b00d52a90
Event: 81.791 Thread 0x0000010b76fd3230 flushing  nmethod 0x0000010b00d53690
Event: 81.791 Thread 0x0000010b76fd3230 flushing  nmethod 0x0000010b00d53c10
Event: 81.791 Thread 0x0000010b76fd3230 flushing  nmethod 0x0000010b00d54110
Event: 81.791 Thread 0x0000010b76fd3230 flushing  nmethod 0x0000010b00d54d10
Event: 81.791 Thread 0x0000010b76fd3230 flushing  nmethod 0x0000010b00d55110
Event: 81.791 Thread 0x0000010b76fd3230 flushing  nmethod 0x0000010b00d55910
Event: 81.791 Thread 0x0000010b76fd3230 flushing  nmethod 0x0000010b00d58110
Event: 81.791 Thread 0x0000010b76fd3230 flushing  nmethod 0x0000010b00d58710
Event: 81.791 Thread 0x0000010b76fd3230 flushing  nmethod 0x0000010b00d65390
Event: 81.791 Thread 0x0000010b76fd3230 flushing  nmethod 0x0000010b00d6a090
Event: 81.791 Thread 0x0000010b76fd3230 flushing  nmethod 0x0000010b00d6ba90
Event: 81.791 Thread 0x0000010b76fd3230 flushing  nmethod 0x0000010b00dc5690
Event: 81.791 Thread 0x0000010b76fd3230 flushing  nmethod 0x0000010b00dc5a90
Event: 81.791 Thread 0x0000010b76fd3230 flushing  nmethod 0x0000010b00dc5e10
Event: 81.791 Thread 0x0000010b76fd3230 flushing  nmethod 0x0000010b00dc6210
Event: 81.791 Thread 0x0000010b76fd3230 flushing  nmethod 0x0000010b00dc6e90

Events (20 events):
Event: 2170.697 Thread 0x0000010b526b6260 Thread exited: 0x0000010b526b6260
Event: 2171.207 Thread 0x0000010b526b68f0 Thread exited: 0x0000010b526b68f0
Event: 2171.210 Thread 0x0000010b526b9050 Thread exited: 0x0000010b526b9050
Event: 2171.212 Thread 0x0000010b76ff8600 Thread added: 0x0000010b525a1170
Event: 2171.212 Thread 0x0000010b76ff8600 Thread added: 0x0000010b525a4120
Event: 2171.218 Thread 0x0000010b5009b6c0 Thread added: 0x0000010b526b9050
Event: 2171.257 Thread 0x0000010b526b9050 Thread added: 0x0000010b526b6260
Event: 2171.258 Thread 0x0000010b526b9050 Thread added: 0x0000010b526b9d70
Event: 2171.258 Thread 0x0000010b526b6260 Thread exited: 0x0000010b526b6260
Event: 2171.751 Thread 0x0000010b526b9d70 Thread exited: 0x0000010b526b9d70
Event: 2171.753 Thread 0x0000010b526b9050 Thread exited: 0x0000010b526b9050
Event: 2176.764 Thread 0x0000010b525a4120 Thread exited: 0x0000010b525a4120
Event: 2181.766 Thread 0x0000010b525a1170 Thread exited: 0x0000010b525a1170
Event: 2230.658 Thread 0x0000010b526b96e0 Thread exited: 0x0000010b526b96e0
Event: 2230.664 Thread 0x0000010b526b7ca0 Thread exited: 0x0000010b526b7ca0
Event: 2231.341 Thread 0x0000010b526b8330 Thread exited: 0x0000010b526b8330
Event: 2459.302 Thread 0x0000010b7d511b20 Thread added: 0x0000010b526b68f0
Event: 2459.334 Thread 0x0000010b526b68f0 Thread exited: 0x0000010b526b68f0
Event: 2459.437 Thread 0x0000010b7d511b20 Thread added: 0x0000010b526b68f0
Event: 2459.439 Thread 0x0000010b526b68f0 Thread exited: 0x0000010b526b68f0


Dynamic libraries:
0x00007ff68b030000 - 0x00007ff68b03e000 	c:\Users\Edralyn\.vscode\extensions\redhat.java-1.54.0-win32-x64\jre\21.0.10-win32-x86_64\bin\java.exe
0x00007ffdc9100000 - 0x00007ffdc9367000 	C:\Windows\SYSTEM32\ntdll.dll
0x00007ffdc7860000 - 0x00007ffdc7929000 	C:\Windows\System32\KERNEL32.DLL
0x00007ffdc5a80000 - 0x00007ffdc5e74000 	C:\Windows\System32\KERNELBASE.dll
0x00007ffdc68b0000 - 0x00007ffdc69fb000 	C:\Windows\System32\ucrtbase.dll
0x00007ffdc06a0000 - 0x00007ffdc06b8000 	c:\Users\Edralyn\.vscode\extensions\redhat.java-1.54.0-win32-x64\jre\21.0.10-win32-x86_64\bin\jli.dll
0x00007ffdc5170000 - 0x00007ffdc518e000 	c:\Users\Edralyn\.vscode\extensions\redhat.java-1.54.0-win32-x64\jre\21.0.10-win32-x86_64\bin\VCRUNTIME140.dll
0x00007ffdc7200000 - 0x00007ffdc73c5000 	C:\Windows\System32\USER32.dll
0x00007ffdc4c60000 - 0x00007ffdc4ef3000 	C:\Windows\WinSxS\amd64_microsoft.windows.common-controls_6595b64144ccf1df_6.0.26100.8115_none_3e075c82e3354f9c\COMCTL32.dll
0x00007ffdc6db0000 - 0x00007ffdc6dd7000 	C:\Windows\System32\win32u.dll
0x00007ffdc7720000 - 0x00007ffdc77c9000 	C:\Windows\System32\msvcrt.dll
0x00007ffdc7eb0000 - 0x00007ffdc7edb000 	C:\Windows\System32\GDI32.dll
0x00007ffdc5e80000 - 0x00007ffdc5fab000 	C:\Windows\System32\gdi32full.dll
0x00007ffdc6de0000 - 0x00007ffdc6e83000 	C:\Windows\System32\msvcp_win.dll
0x00007ffdc7570000 - 0x00007ffdc75a2000 	C:\Windows\System32\IMM32.DLL
0x00007ffdc0190000 - 0x00007ffdc019c000 	c:\Users\Edralyn\.vscode\extensions\redhat.java-1.54.0-win32-x64\jre\21.0.10-win32-x86_64\bin\vcruntime140_1.dll
0x00007ffd854e0000 - 0x00007ffd8556d000 	c:\Users\Edralyn\.vscode\extensions\redhat.java-1.54.0-win32-x64\jre\21.0.10-win32-x86_64\bin\msvcp140.dll
0x00007ffcd36d0000 - 0x00007ffcd4471000 	c:\Users\Edralyn\.vscode\extensions\redhat.java-1.54.0-win32-x64\jre\21.0.10-win32-x86_64\bin\server\jvm.dll
0x00007ffdc8db0000 - 0x00007ffdc8e66000 	C:\Windows\System32\ADVAPI32.dll
0x00007ffdc7150000 - 0x00007ffdc71f7000 	C:\Windows\System32\sechost.dll
0x00007ffdc75e0000 - 0x00007ffdc76f8000 	C:\Windows\System32\RPCRT4.dll
0x00007ffdc77d0000 - 0x00007ffdc7850000 	C:\Windows\System32\WS2_32.dll
0x00007ffdc5230000 - 0x00007ffdc528e000 	C:\Windows\SYSTEM32\POWRPROF.dll
0x00007ffdbb490000 - 0x00007ffdbb4c6000 	C:\Windows\SYSTEM32\WINMM.dll
0x00007ffdbd650000 - 0x00007ffdbd65b000 	C:\Windows\SYSTEM32\VERSION.dll
0x00007ffdc5100000 - 0x00007ffdc5114000 	C:\Windows\SYSTEM32\UMPDC.dll
0x00007ffdc3ec0000 - 0x00007ffdc3edb000 	C:\Windows\SYSTEM32\kernel.appcore.dll
0x00007ffd8c130000 - 0x00007ffd8c13a000 	c:\Users\Edralyn\.vscode\extensions\redhat.java-1.54.0-win32-x64\jre\21.0.10-win32-x86_64\bin\jimage.dll
0x00007ffdc52a0000 - 0x00007ffdc54e2000 	C:\Windows\SYSTEM32\DBGHELP.DLL
0x00007ffdc8260000 - 0x00007ffdc85e2000 	C:\Windows\System32\combase.dll
0x00007ffdc7070000 - 0x00007ffdc7148000 	C:\Windows\System32\OLEAUT32.dll
0x00007ffdc5120000 - 0x00007ffdc515b000 	C:\Windows\SYSTEM32\dbgcore.DLL
0x00007ffdc59d0000 - 0x00007ffdc5a75000 	C:\Windows\System32\bcryptPrimitives.dll
0x00007ffd854d0000 - 0x00007ffd854df000 	c:\Users\Edralyn\.vscode\extensions\redhat.java-1.54.0-win32-x64\jre\21.0.10-win32-x86_64\bin\instrument.dll
0x00007ffd854b0000 - 0x00007ffd854d0000 	c:\Users\Edralyn\.vscode\extensions\redhat.java-1.54.0-win32-x64\jre\21.0.10-win32-x86_64\bin\java.dll
0x00007ffdc85f0000 - 0x00007ffdc8d57000 	C:\Windows\System32\SHELL32.dll
0x00007ffdc6ac0000 - 0x00007ffdc6c2a000 	C:\Windows\System32\wintypes.dll
0x00007ffdc5fb0000 - 0x00007ffdc6818000 	C:\Windows\System32\windows.storage.dll
0x00007ffdc7470000 - 0x00007ffdc7568000 	C:\Windows\System32\SHCORE.dll
0x00007ffdc7930000 - 0x00007ffdc7996000 	C:\Windows\System32\shlwapi.dll
0x00007ffdc58f0000 - 0x00007ffdc5919000 	C:\Windows\SYSTEM32\profapi.dll
0x00007ffd85490000 - 0x00007ffd854a8000 	c:\Users\Edralyn\.vscode\extensions\redhat.java-1.54.0-win32-x64\jre\21.0.10-win32-x86_64\bin\zip.dll
0x00007ffd85480000 - 0x00007ffd85490000 	C:\Users\Edralyn\.vscode\extensions\redhat.java-1.54.0-win32-x64\jre\21.0.10-win32-x86_64\bin\net.dll
0x00007ffdbda10000 - 0x00007ffdbdb3d000 	C:\Windows\SYSTEM32\WINHTTP.dll
0x00007ffdc43f0000 - 0x00007ffdc445c000 	C:\Windows\system32\mswsock.dll
0x00007ffd85460000 - 0x00007ffd85476000 	C:\Users\Edralyn\.vscode\extensions\redhat.java-1.54.0-win32-x64\jre\21.0.10-win32-x86_64\bin\nio.dll
0x00007ffd853f0000 - 0x00007ffd85400000 	c:\Users\Edralyn\.vscode\extensions\redhat.java-1.54.0-win32-x64\jre\21.0.10-win32-x86_64\bin\verify.dll
0x00007ffd98b40000 - 0x00007ffd98b85000 	C:\Users\Edralyn\AppData\Roaming\Code\User\globalStorage\redhat.java\1.54.0\config_win\org.eclipse.equinox.launcher\org.eclipse.equinox.launcher.win32.win32.x86_64_1.3.0.v20260203-2149\eclipse_11919.dll
0x00007ffdc80c0000 - 0x00007ffdc8257000 	C:\Windows\System32\ole32.dll
0x00007ffdc5610000 - 0x00007ffdc562b000 	C:\Windows\SYSTEM32\CRYPTSP.dll
0x00007ffdc4460000 - 0x00007ffdc4499000 	C:\Windows\system32\rsaenh.dll
0x00007ffdc44e0000 - 0x00007ffdc4513000 	C:\Windows\SYSTEM32\USERENV.dll
0x00007ffdc58c0000 - 0x00007ffdc58ea000 	C:\Windows\SYSTEM32\bcrypt.dll
0x00007ffdc4760000 - 0x00007ffdc476c000 	C:\Windows\SYSTEM32\CRYPTBASE.dll
0x00007ffdc3970000 - 0x00007ffdc39a2000 	C:\Windows\SYSTEM32\IPHLPAPI.DLL
0x00007ffdc6e90000 - 0x00007ffdc6e9a000 	C:\Windows\System32\NSI.dll
0x00007ffd610c0000 - 0x00007ffd61109000 	C:\Users\Edralyn\AppData\Local\Temp\jna--215561581\jna5618737882996026783.dll
0x00007ffdc6ea0000 - 0x00007ffdc6ea8000 	C:\Windows\System32\PSAPI.DLL
0x00007ffdbe8b0000 - 0x00007ffdbe8cd000 	C:\Windows\SYSTEM32\dhcpcsvc6.DLL
0x00007ffdbe830000 - 0x00007ffdbe855000 	C:\Windows\SYSTEM32\dhcpcsvc.DLL
0x00007ffdad730000 - 0x00007ffdad757000 	C:\Users\Edralyn\.gradle\native\c067742578af261105cb4f569cf0c3c89f3d7b1fecec35dd04571415982c5e48\windows-amd64\native-platform.dll
0x00007ffdbc2b0000 - 0x00007ffdbc2ba000 	C:\Users\Edralyn\.vscode\extensions\redhat.java-1.54.0-win32-x64\jre\21.0.10-win32-x86_64\bin\management.dll
0x00007ffdad720000 - 0x00007ffdad72c000 	C:\Users\Edralyn\.vscode\extensions\redhat.java-1.54.0-win32-x64\jre\21.0.10-win32-x86_64\bin\management_ext.dll
0x00007ffd85440000 - 0x00007ffd85449000 	C:\Users\Edralyn\.vscode\extensions\redhat.java-1.54.0-win32-x64\jre\21.0.10-win32-x86_64\bin\extnet.dll
0x00007ffd85450000 - 0x00007ffd8545e000 	C:\Users\Edralyn\.vscode\extensions\redhat.java-1.54.0-win32-x64\jre\21.0.10-win32-x86_64\bin\sunmscapi.dll
0x00007ffdc6c30000 - 0x00007ffdc6da7000 	C:\Windows\System32\CRYPT32.dll
0x00007ffdc4b20000 - 0x00007ffdc4b50000 	C:\Windows\SYSTEM32\ncrypt.dll
0x00007ffdc4ad0000 - 0x00007ffdc4b0f000 	C:\Windows\SYSTEM32\NTASN1.dll
0x00007ffd92390000 - 0x00007ffd92398000 	C:\Windows\system32\wshunix.dll

JVMTI agents:
c:\Users\Edralyn\.vscode\extensions\redhat.java-1.54.0-win32-x64\lombok\lombok-1.18.39-4050.jar path:c:\Users\Edralyn\.vscode\extensions\redhat.java-1.54.0-win32-x64\jre\21.0.10-win32-x86_64\bin\instrument.dll, loaded, initialized, instrumentlib options:none

dbghelp: loaded successfully - version: 4.0.5 - missing functions: none
symbol engine: initialized successfully - sym options: 0x614 - pdb path: .;c:\Users\Edralyn\.vscode\extensions\redhat.java-1.54.0-win32-x64\jre\21.0.10-win32-x86_64\bin;C:\Windows\SYSTEM32;C:\Windows\WinSxS\amd64_microsoft.windows.common-controls_6595b64144ccf1df_6.0.26100.8115_none_3e075c82e3354f9c;c:\Users\Edralyn\.vscode\extensions\redhat.java-1.54.0-win32-x64\jre\21.0.10-win32-x86_64\bin\server;C:\Users\Edralyn\AppData\Roaming\Code\User\globalStorage\redhat.java\1.54.0\config_win\org.eclipse.equinox.launcher\org.eclipse.equinox.launcher.win32.win32.x86_64_1.3.0.v20260203-2149;C:\Users\Edralyn\AppData\Local\Temp\jna--215561581;C:\Users\Edralyn\.gradle\native\c067742578af261105cb4f569cf0c3c89f3d7b1fecec35dd04571415982c5e48\windows-amd64

VM Arguments:
jvm_args: --add-modules=ALL-SYSTEM --add-opens=java.base/java.util=ALL-UNNAMED --add-opens=java.base/java.lang=ALL-UNNAMED --add-opens=java.base/sun.nio.fs=ALL-UNNAMED -Declipse.application=org.eclipse.jdt.ls.core.id1 -Dosgi.bundles.defaultStartLevel=4 -Declipse.product=org.eclipse.jdt.ls.core.product -Djava.import.generatesMetadataFilesAtProjectRoot=false -DDetectVMInstallationsJob.disabled=true -Dfile.encoding=utf8 -XX:+UseParallelGC -XX:GCTimeRatio=4 -XX:AdaptiveSizePolicyWeight=90 -Dsun.zip.disableMemoryMapping=true -Xmx2G -Xms100m -Xlog:disable -javaagent:c:\Users\Edralyn\.vscode\extensions\redhat.java-1.54.0-win32-x64\lombok\lombok-1.18.39-4050.jar -XX:+HeapDumpOnOutOfMemoryError -XX:HeapDumpPath=c:\Users\Edralyn\AppData\Roaming\Code\User\workspaceStorage\37e09440e251ae553bc9eb3f6aba62d0\redhat.java -Daether.dependencyCollector.impl=bf 
java_command: c:\Users\Edralyn\.vscode\extensions\redhat.java-1.54.0-win32-x64\server\plugins\org.eclipse.equinox.launcher_1.7.100.v20251111-0406.jar -configuration c:\Users\Edralyn\AppData\Roaming\Code\User\globalStorage\redhat.java\1.54.0\config_win -data c:\Users\Edralyn\AppData\Roaming\Code\User\workspaceStorage\37e09440e251ae553bc9eb3f6aba62d0\redhat.java\jdt_ws --pipe=\\.\pipe\lsp-872a127c9a853d12f6f98e5267286a51-sock
java_class_path (initial): c:\Users\Edralyn\.vscode\extensions\redhat.java-1.54.0-win32-x64\server\plugins\org.eclipse.equinox.launcher_1.7.100.v20251111-0406.jar
Launcher Type: SUN_STANDARD

[Global flags]
    uintx AdaptiveSizePolicyWeight                 = 90                                        {product} {command line}
     intx CICompilerCount                          = 12                                        {product} {ergonomic}
    uintx GCTimeRatio                              = 4                                         {product} {command line}
     bool HeapDumpOnOutOfMemoryError               = true                                   {manageable} {command line}
    ccstr HeapDumpPath                             = c:\Users\Edralyn\AppData\Roaming\Code\User\workspaceStorage\37e09440e251ae553bc9eb3f6aba62d0\redhat.java         {manageable} {command line}
   size_t InitialHeapSize                          = 104857600                                 {product} {command line}
   size_t MaxHeapSize                              = 2147483648                                {product} {command line}
   size_t MaxNewSize                               = 715653120                                 {product} {ergonomic}
   size_t MinHeapDeltaBytes                        = 524288                                    {product} {ergonomic}
   size_t MinHeapSize                              = 104857600                                 {product} {command line}
   size_t NewSize                                  = 34603008                                  {product} {ergonomic}
    uintx NonNMethodCodeHeapSize                   = 7602480                                {pd product} {ergonomic}
    uintx NonProfiledCodeHeapSize                  = 122027880                              {pd product} {ergonomic}
   size_t OldSize                                  = 70254592                                  {product} {ergonomic}
    uintx ProfiledCodeHeapSize                     = 122027880                              {pd product} {ergonomic}
    uintx ReservedCodeCacheSize                    = 251658240                              {pd product} {ergonomic}
     bool SegmentedCodeCache                       = true                                      {product} {ergonomic}
   size_t SoftMaxHeapSize                          = 2147483648                             {manageable} {ergonomic}
     bool UseCompressedOops                        = true                           {product lp64_product} {ergonomic}
     bool UseLargePagesIndividualAllocation        = false                                  {pd product} {ergonomic}
     bool UseParallelGC                            = true                                      {product} {command line}

Logging:
Log output configuration:
 #0: stdout all=off uptime,level,tags foldmultilines=false
 #1: stderr all=off uptime,level,tags foldmultilines=false

Release file:
JAVA_VERSION="21.0.10" 
MODULES="java.base java.compiler java.datatransfer java.xml java.prefs java.desktop java.instrument java.logging java.management java.security.sasl java.naming java.rmi java.management.rmi java.net.http java.scripting java.security.jgss java.transaction.xa java.sql java.sql.rowset java.xml.crypto java.se java.smartcardio jdk.accessibility jdk.internal.jvmstat jdk.attach jdk.charsets jdk.internal.opt jdk.zipfs jdk.compiler jdk.crypto.ec jdk.crypto.cryptoki jdk.crypto.mscapi jdk.dynalink jdk.internal.ed jdk.editpad jdk.hotspot.agent jdk.httpserver jdk.internal.le jdk.internal.vm.ci jdk.internal.vm.compiler jdk.internal.vm.compiler.management jdk.jartool jdk.javadoc jdk.jcmd jdk.management jdk.management.agent jdk.jconsole jdk.jdeps jdk.jdwp.agent jdk.jdi jdk.jfr jdk.jshell jdk.jsobject jdk.jstatd jdk.localedata jdk.management.jfr jdk.naming.dns jdk.naming.rmi jdk.net jdk.nio.mapmode jdk.random jdk.sctp jdk.security.auth jdk.security.jgss jdk.unsupported jdk.unsupported.desktop jdk.xml.dom" 

Environment Variables:
PATH=C:\Users\Edralyn\AppData\Local\Programs\Microsoft VS Code;C:\Windows\system32;C:\Windows;C:\Windows\System32\Wbem;C:\Windows\System32\WindowsPowerShell\v1.0\;C:\Windows\System32\OpenSSH\;C:\Program Files (x86)\NVIDIA Corporation\PhysX\Common;C:\Program Files\NVIDIA Corporation\NVIDIA NvDLISR;C:\Program Files\nodejs\;C:\Program Files\Git\cmd;C:\Users\Edralyn\AppData\Local\Programs\Python\Python313\Scripts\;C:\Users\Edralyn\AppData\Local\Programs\Python\Python313\;C:\Users\Edralyn\AppData\Local\Microsoft\WindowsApps;C:\Users\Edralyn\AppData\Local\Programs\Microsoft VS Code\bin;C:\Users\Edralyn\AppData\Roaming\npm;C:\Users\Edralyn\AppData\Local\Programs\cursor\resources\app\bin
USERNAME=Edralyn
OS=Windows_NT
PROCESSOR_IDENTIFIER=AMD64 Family 25 Model 117 Stepping 2, AuthenticAMD
TMP=C:\Users\Edralyn\AppData\Local\Temp
TEMP=C:\Users\Edralyn\AppData\Local\Temp




Periodic native trim disabled

---------------  S Y S T E M  ---------------

OS:
 Windows 11 , 64 bit Build 26100 (10.0.26100.8246)
OS uptime: 0 days 6:27 hours
Hyper-V role detected

CPU: total 16 (initial active 16) (16 cores per cpu, 2 threads per core) family 25 model 117 stepping 2 microcode 0xa70520a, cx8, cmov, fxsr, ht, mmx, 3dnowpref, sse, sse2, sse3, ssse3, sse4a, sse4.1, sse4.2, popcnt, lzcnt, tsc, tscinvbit, avx, avx2, aes, erms, clmul, bmi1, bmi2, adx, avx512f, avx512dq, avx512cd, avx512bw, avx512vl, sha, fma, vzeroupper, avx512_vpopcntdq, avx512_vpclmulqdq, avx512_vaes, avx512_vnni, clflush, clflushopt, avx512_vbmi2, avx512_vbmi, hv, rdtscp, rdpid, fsrm, gfni, avx512_bitalg, f16c, cet_ss, avx512_ifma
Processor Information for the first 16 processors :
  Max Mhz: 3801, Current Mhz: 3801, Mhz Limit: 3801

Memory: 4k page, system-wide physical 7484M (318M free)
TotalPageFile size 30012M (AvailPageFile size 133M)
current process WorkingSet (physical memory assigned to process): 8M, peak: 471M
current process commit charge ("private bytes"): 681M, peak: 759M

vm_info: OpenJDK 64-Bit Server VM (21.0.10+7-LTS) for windows-amd64 JRE (21.0.10+7-LTS), built on 2026-01-20T00:00:00Z by "admin" with MS VC++ 17.12 (VS2022)

END.
