#
# There is insufficient memory for the Java Runtime Environment to continue.
# Native memory allocation (malloc) failed to allocate 1048576 bytes. Error detail: AllocateHeap
# Possible reasons:
#   The system is out of physical RAM or swap space
#   This process is running with CompressedOops enabled, and the Java Heap may be blocking the growth of the native heap
# Possible solutions:
#   Reduce memory load on the system
#   Increase physical memory or swap space
#   Check if swap backing store is full
#   Decrease Java heap size (-Xmx/-Xms)
#   Decrease number of Java threads
#   Decrease Java thread stack sizes (-Xss)
#   Set larger code cache with -XX:ReservedCodeCacheSize=
#   JVM is running with Unscaled Compressed Oops mode in which the Java heap is
#     placed in the first 4GB address space. The Java Heap base address is the
#     maximum limit for the native heap growth. Please use -XX:HeapBaseMinAddress
#     to set the Java Heap base and to place the Java Heap above 4GB virtual address.
# This output file may be truncated or incomplete.
#
#  Out of Memory Error (allocation.cpp:44), pid=12968, tid=27704
#
# JRE version:  (21.0.10+7) (build )
# Java VM: OpenJDK 64-Bit Server VM (21.0.10+7-LTS, mixed mode, sharing, tiered, compressed oops, compressed class ptrs, parallel gc, windows-amd64)
# No core dump will be written. Minidumps are not enabled by default on client versions of Windows
#

---------------  S U M M A R Y ------------

Command Line: --add-modules=ALL-SYSTEM --add-opens=java.base/java.util=ALL-UNNAMED --add-opens=java.base/java.lang=ALL-UNNAMED --add-opens=java.base/sun.nio.fs=ALL-UNNAMED -Declipse.application=org.eclipse.jdt.ls.core.id1 -Dosgi.bundles.defaultStartLevel=4 -Declipse.product=org.eclipse.jdt.ls.core.product -Djava.import.generatesMetadataFilesAtProjectRoot=false -DDetectVMInstallationsJob.disabled=true -Dfile.encoding=utf8 -XX:+UseParallelGC -XX:GCTimeRatio=4 -XX:AdaptiveSizePolicyWeight=90 -Dsun.zip.disableMemoryMapping=true -Xmx2G -Xms100m -Xlog:disable -javaagent:c:\Users\Edralyn\.vscode\extensions\redhat.java-1.54.0-win32-x64\lombok\lombok-1.18.39-4050.jar -XX:+HeapDumpOnOutOfMemoryError -XX:HeapDumpPath=c:\Users\Edralyn\AppData\Roaming\Code\User\workspaceStorage\37e09440e251ae553bc9eb3f6aba62d0\redhat.java -Daether.dependencyCollector.impl=bf c:\Users\Edralyn\.vscode\extensions\redhat.java-1.54.0-win32-x64\server\plugins\org.eclipse.equinox.launcher_1.7.100.v20251111-0406.jar -configuration c:\Users\Edralyn\AppData\Roaming\Code\User\globalStorage\redhat.java\1.54.0\config_win -data c:\Users\Edralyn\AppData\Roaming\Code\User\workspaceStorage\37e09440e251ae553bc9eb3f6aba62d0\redhat.java\jdt_ws --pipe=\\.\pipe\lsp-e6b5b147e81a7528ec86cb04a95597b1-sock

Host: AMD Ryzen 7 8845HS w/ Radeon 780M Graphics     , 16 cores, 7G,  Windows 11 , 64 bit Build 26100 (10.0.26100.8246)
Time: Sat May  9 19:22:34 2026 Malay Peninsula Standard Time elapsed time: 2.910463 seconds (0d 0h 0m 2s)

---------------  T H R E A D  ---------------

Current thread (0x000001dce532bc90):  JavaThread "Unknown thread" [_thread_in_vm, id=27704, stack(0x0000003400d00000,0x0000003400e00000) (1024K)]

Stack: [0x0000003400d00000,0x0000003400e00000]
Native frames: (J=compiled Java code, j=interpreted, Vv=VM code, C=native code)
V  [jvm.dll+0x6d7a39]
V  [jvm.dll+0x8b4b26]
V  [jvm.dll+0x8b70de]
V  [jvm.dll+0x8b77c3]
V  [jvm.dll+0x284346]
V  [jvm.dll+0xc1277]
V  [jvm.dll+0x70ba02]
V  [jvm.dll+0x70c73c]
V  [jvm.dll+0x6e65d3]
V  [jvm.dll+0x87f17c]
V  [jvm.dll+0x3c49fc]
V  [jvm.dll+0x867e6b]
V  [jvm.dll+0x457b31]
V  [jvm.dll+0x459721]
C  [jli.dll+0x52d0]
C  [ucrtbase.dll+0x37b0]
C  [KERNEL32.DLL+0x2e8d7]
C  [ntdll.dll+0x8c3fc]


---------------  P R O C E S S  ---------------

Threads class SMR info:
_java_thread_list=0x000001dce5398280, length=1, elements={
0x000001dce532bc90
}

Java Threads: ( => current thread )
=>0x000001dce532bc90 JavaThread "Unknown thread"             [_thread_in_vm, id=27704, stack(0x0000003400d00000,0x0000003400e00000) (1024K)]
Total: 1

Other Threads:
  0x000001dce5399280 WatcherThread "VM Periodic Task Thread"        [id=36660, stack(0x0000003400f00000,0x0000003401000000) (1024K)]
  0x000001dce534af30 WorkerThread "GC Thread#0"                     [id=2204, stack(0x0000003400e00000,0x0000003400f00000) (1024K)]
Total: 2

Threads with active compile tasks:
Total: 0

VM state: not at safepoint (normal execution)

VM Mutex/Monitor currently owned by a thread: None

Heap address: 0x0000000080000000, size: 2048 MB, Compressed Oops mode: 32-bit

CDS archive(s) mapped at: [0x000001dc80000000-0x000001dc80ba0000-0x000001dc80ba0000), size 12189696, SharedBaseAddress: 0x000001dc80000000, ArchiveRelocationMode: 1.
Compressed class space mapped at: 0x000001dc81000000-0x000001dcc1000000, reserved size: 1073741824
Narrow klass base: 0x000001dc80000000, Narrow klass shift: 0, Narrow klass range: 0x100000000

GC Precious Log:
 CardTable entry size: 512
 CPUs: 16 total, 16 available
 Memory: 7484M
 Large Page Support: Disabled
 NUMA Support: Disabled
 Compressed Oops: Enabled (32-bit)
 Alignments: Space 512K, Generation 512K, Heap 2M
 Heap Min Capacity: 100M
 Heap Initial Capacity: 100M
 Heap Max Capacity: 2G
 Pre-touch: Disabled
 Parallel Workers: 13

Heap:
 PSYoungGen      total 29696K, used 512K [0x00000000d5580000, 0x00000000d7680000, 0x0000000100000000)
  eden space 25600K, 2% used [0x00000000d5580000,0x00000000d5600020,0x00000000d6e80000)
  from space 4096K, 0% used [0x00000000d7280000,0x00000000d7280000,0x00000000d7680000)
  to   space 4096K, 0% used [0x00000000d6e80000,0x00000000d6e80000,0x00000000d7280000)
 ParOldGen       total 68608K, used 0K [0x0000000080000000, 0x0000000084300000, 0x00000000d5580000)
  object space 68608K, 0% used [0x0000000080000000,0x0000000080000000,0x0000000084300000)
 Metaspace       used 0K, committed 0K, reserved 1048576K
  class space    used 0K, committed 0K, reserved 1048576K

Card table byte_map: [0x000001dce4cd0000,0x000001dce50e0000] _byte_map_base: 0x000001dce48d0000

Marking Bits: (ParMarkBitMap*) 0x00007ffcd4393450
 Begin Bits: [0x000001dcf77e0000, 0x000001dcf97e0000)
 End Bits:   [0x000001dcf97e0000, 0x000001dcfb7e0000)

Polling page: 0x000001dce3140000

Metaspace:

Usage:
  Non-class:      0 bytes used.
      Class:      0 bytes used.
       Both:      0 bytes used.

Virtual space:
  Non-class space:        0 bytes reserved,       0 bytes (  ?%) committed,  0 nodes.
      Class space:        1.00 GB reserved,       0 bytes (  0%) committed,  1 nodes.
             Both:        1.00 GB reserved,       0 bytes (  0%) committed. 

Chunk freelists:
   Non-Class:  0 bytes
       Class:  16.00 MB
        Both:  16.00 MB

MaxMetaspaceSize: unlimited
CompressedClassSpaceSize: 1.00 GB
Initial GC threshold: 21.00 MB
Current GC threshold: 17179869184.00 GB
CDS: on
 - commit_granule_bytes: 65536.
 - commit_granule_words: 8192.
 - virtual_space_node_default_size: 8388608.
 - enlarge_chunks_in_place: 1.
 - use_allocation_guard: 0.


Internal statistics:

num_allocs_failed_limit: 0.
num_arena_births: 0.
num_arena_deaths: 0.
num_vsnodes_births: 1.
num_vsnodes_deaths: 0.
num_space_committed: 0.
num_space_uncommitted: 0.
num_chunks_returned_to_freelist: 0.
num_chunks_taken_from_freelist: 1.
num_chunk_merges: 0.
num_chunk_splits: 1.
num_chunks_enlarged: 0.
num_inconsistent_stats: 0.

CodeHeap 'non-profiled nmethods': size=119168Kb used=0Kb max_used=0Kb free=119168Kb
 bounds [0x000001dcf00d0000, 0x000001dcf0340000, 0x000001dcf7530000]
CodeHeap 'profiled nmethods': size=119104Kb used=0Kb max_used=0Kb free=119104Kb
 bounds [0x000001dce8530000, 0x000001dce87a0000, 0x000001dcef980000]
CodeHeap 'non-nmethods': size=7488Kb used=199Kb max_used=348Kb free=7288Kb
 bounds [0x000001dcef980000, 0x000001dcefbf0000, 0x000001dcf00d0000]
CodeCache: size=245760Kb, used=199Kb, max_used=348Kb, free=245560Kb
 total_blobs=70, nmethods=0, adapters=48, full_count=0
Compilation: enabled, stopped_count=0, restarted_count=0

Compilation events (0 events):
No events

GC Heap History (0 events):
No events

Dll operation events (1 events):
Event: 1.452 Loaded shared library c:\Users\Edralyn\.vscode\extensions\redhat.java-1.54.0-win32-x64\jre\21.0.10-win32-x86_64\bin\java.dll

Deoptimization events (0 events):
No events

Classes loaded (0 events):
No events

Classes unloaded (0 events):
No events

Classes redefined (0 events):
No events

Internal exceptions (0 events):
No events

ZGC Phase Switch (0 events):
No events

VM Operations (0 events):
No events

Memory protections (0 events):
No events

Nmethod flushes (0 events):
No events

Events (1 events):
Event: 1.772 Thread 0x000001dce532bc90 Thread added: 0x000001dce532bc90


Dynamic libraries:
0x00007ff68b030000 - 0x00007ff68b03e000 	c:\Users\Edralyn\.vscode\extensions\redhat.java-1.54.0-win32-x64\jre\21.0.10-win32-x86_64\bin\java.exe
0x00007ffdc9100000 - 0x00007ffdc9367000 	C:\Windows\SYSTEM32\ntdll.dll
0x00007ffdc7860000 - 0x00007ffdc7929000 	C:\Windows\System32\KERNEL32.DLL
0x00007ffdc5a80000 - 0x00007ffdc5e74000 	C:\Windows\System32\KERNELBASE.dll
0x00007ffdc68b0000 - 0x00007ffdc69fb000 	C:\Windows\System32\ucrtbase.dll
0x00007ffdc06a0000 - 0x00007ffdc06b8000 	c:\Users\Edralyn\.vscode\extensions\redhat.java-1.54.0-win32-x64\jre\21.0.10-win32-x86_64\bin\jli.dll
0x00007ffdc5170000 - 0x00007ffdc518e000 	c:\Users\Edralyn\.vscode\extensions\redhat.java-1.54.0-win32-x64\jre\21.0.10-win32-x86_64\bin\VCRUNTIME140.dll
0x00007ffdc7200000 - 0x00007ffdc73c5000 	C:\Windows\System32\USER32.dll
0x00007ffdc4c60000 - 0x00007ffdc4ef3000 	C:\Windows\WinSxS\amd64_microsoft.windows.common-controls_6595b64144ccf1df_6.0.26100.8115_none_3e075c82e3354f9c\COMCTL32.dll
0x00007ffdc6db0000 - 0x00007ffdc6dd7000 	C:\Windows\System32\win32u.dll
0x00007ffdc7720000 - 0x00007ffdc77c9000 	C:\Windows\System32\msvcrt.dll
0x00007ffdc7eb0000 - 0x00007ffdc7edb000 	C:\Windows\System32\GDI32.dll
0x00007ffdc5e80000 - 0x00007ffdc5fab000 	C:\Windows\System32\gdi32full.dll
0x00007ffdc6de0000 - 0x00007ffdc6e83000 	C:\Windows\System32\msvcp_win.dll
0x00007ffdc7570000 - 0x00007ffdc75a2000 	C:\Windows\System32\IMM32.DLL
0x00007ffdc0190000 - 0x00007ffdc019c000 	c:\Users\Edralyn\.vscode\extensions\redhat.java-1.54.0-win32-x64\jre\21.0.10-win32-x86_64\bin\vcruntime140_1.dll
0x00007ffd854e0000 - 0x00007ffd8556d000 	c:\Users\Edralyn\.vscode\extensions\redhat.java-1.54.0-win32-x64\jre\21.0.10-win32-x86_64\bin\msvcp140.dll
0x00007ffcd36d0000 - 0x00007ffcd4471000 	c:\Users\Edralyn\.vscode\extensions\redhat.java-1.54.0-win32-x64\jre\21.0.10-win32-x86_64\bin\server\jvm.dll
0x00007ffdc8db0000 - 0x00007ffdc8e66000 	C:\Windows\System32\ADVAPI32.dll
0x00007ffdc7150000 - 0x00007ffdc71f7000 	C:\Windows\System32\sechost.dll
0x00007ffdc75e0000 - 0x00007ffdc76f8000 	C:\Windows\System32\RPCRT4.dll
0x00007ffdc77d0000 - 0x00007ffdc7850000 	C:\Windows\System32\WS2_32.dll
0x00007ffdc5230000 - 0x00007ffdc528e000 	C:\Windows\SYSTEM32\POWRPROF.dll
0x00007ffdbb490000 - 0x00007ffdbb4c6000 	C:\Windows\SYSTEM32\WINMM.dll
0x00007ffdbd650000 - 0x00007ffdbd65b000 	C:\Windows\SYSTEM32\VERSION.dll
0x00007ffdc5100000 - 0x00007ffdc5114000 	C:\Windows\SYSTEM32\UMPDC.dll
0x00007ffdc3ec0000 - 0x00007ffdc3edb000 	C:\Windows\SYSTEM32\kernel.appcore.dll
0x00007ffd8c130000 - 0x00007ffd8c13a000 	c:\Users\Edralyn\.vscode\extensions\redhat.java-1.54.0-win32-x64\jre\21.0.10-win32-x86_64\bin\jimage.dll
0x00007ffdc52a0000 - 0x00007ffdc54e2000 	C:\Windows\SYSTEM32\DBGHELP.DLL
0x00007ffdc8260000 - 0x00007ffdc85e2000 	C:\Windows\System32\combase.dll
0x00007ffdc7070000 - 0x00007ffdc7148000 	C:\Windows\System32\OLEAUT32.dll
0x00007ffdc5120000 - 0x00007ffdc515b000 	C:\Windows\SYSTEM32\dbgcore.DLL
0x00007ffdc59d0000 - 0x00007ffdc5a75000 	C:\Windows\System32\bcryptPrimitives.dll
0x00007ffd854d0000 - 0x00007ffd854df000 	c:\Users\Edralyn\.vscode\extensions\redhat.java-1.54.0-win32-x64\jre\21.0.10-win32-x86_64\bin\instrument.dll
0x00007ffd854b0000 - 0x00007ffd854d0000 	c:\Users\Edralyn\.vscode\extensions\redhat.java-1.54.0-win32-x64\jre\21.0.10-win32-x86_64\bin\java.dll

JVMTI agents:
c:\Users\Edralyn\.vscode\extensions\redhat.java-1.54.0-win32-x64\lombok\lombok-1.18.39-4050.jar path:none, loaded, not initialized, instrumentlib options:none

dbghelp: loaded successfully - version: 4.0.5 - missing functions: none
symbol engine: initialized successfully - sym options: 0x614 - pdb path: .;c:\Users\Edralyn\.vscode\extensions\redhat.java-1.54.0-win32-x64\jre\21.0.10-win32-x86_64\bin;C:\Windows\SYSTEM32;C:\Windows\WinSxS\amd64_microsoft.windows.common-controls_6595b64144ccf1df_6.0.26100.8115_none_3e075c82e3354f9c;c:\Users\Edralyn\.vscode\extensions\redhat.java-1.54.0-win32-x64\jre\21.0.10-win32-x86_64\bin\server

VM Arguments:
jvm_args: --add-modules=ALL-SYSTEM --add-opens=java.base/java.util=ALL-UNNAMED --add-opens=java.base/java.lang=ALL-UNNAMED --add-opens=java.base/sun.nio.fs=ALL-UNNAMED -Declipse.application=org.eclipse.jdt.ls.core.id1 -Dosgi.bundles.defaultStartLevel=4 -Declipse.product=org.eclipse.jdt.ls.core.product -Djava.import.generatesMetadataFilesAtProjectRoot=false -DDetectVMInstallationsJob.disabled=true -Dfile.encoding=utf8 -XX:+UseParallelGC -XX:GCTimeRatio=4 -XX:AdaptiveSizePolicyWeight=90 -Dsun.zip.disableMemoryMapping=true -Xmx2G -Xms100m -Xlog:disable -javaagent:c:\Users\Edralyn\.vscode\extensions\redhat.java-1.54.0-win32-x64\lombok\lombok-1.18.39-4050.jar -XX:+HeapDumpOnOutOfMemoryError -XX:HeapDumpPath=c:\Users\Edralyn\AppData\Roaming\Code\User\workspaceStorage\37e09440e251ae553bc9eb3f6aba62d0\redhat.java -Daether.dependencyCollector.impl=bf 
java_command: c:\Users\Edralyn\.vscode\extensions\redhat.java-1.54.0-win32-x64\server\plugins\org.eclipse.equinox.launcher_1.7.100.v20251111-0406.jar -configuration c:\Users\Edralyn\AppData\Roaming\Code\User\globalStorage\redhat.java\1.54.0\config_win -data c:\Users\Edralyn\AppData\Roaming\Code\User\workspaceStorage\37e09440e251ae553bc9eb3f6aba62d0\redhat.java\jdt_ws --pipe=\\.\pipe\lsp-e6b5b147e81a7528ec86cb04a95597b1-sock
java_class_path (initial): c:\Users\Edralyn\.vscode\extensions\redhat.java-1.54.0-win32-x64\server\plugins\org.eclipse.equinox.launcher_1.7.100.v20251111-0406.jar
Launcher Type: SUN_STANDARD

[Global flags]
    uintx AdaptiveSizePolicyWeight                 = 90                                        {product} {command line}
     intx CICompilerCount                          = 12                                        {product} {ergonomic}
    uintx GCTimeRatio                              = 4                                         {product} {command line}
     bool HeapDumpOnOutOfMemoryError               = true                                   {manageable} {command line}
    ccstr HeapDumpPath                             = c:\Users\Edralyn\AppData\Roaming\Code\User\workspaceStorage\37e09440e251ae553bc9eb3f6aba62d0\redhat.java         {manageable} {command line}
   size_t InitialHeapSize                          = 104857600                                 {product} {command line}
   size_t MaxHeapSize                              = 2147483648                                {product} {command line}
   size_t MaxNewSize                               = 715653120                                 {product} {ergonomic}
   size_t MinHeapDeltaBytes                        = 524288                                    {product} {ergonomic}
   size_t MinHeapSize                              = 104857600                                 {product} {command line}
   size_t NewSize                                  = 34603008                                  {product} {ergonomic}
    uintx NonNMethodCodeHeapSize                   = 7602480                                {pd product} {ergonomic}
    uintx NonProfiledCodeHeapSize                  = 122027880                              {pd product} {ergonomic}
   size_t OldSize                                  = 70254592                                  {product} {ergonomic}
    uintx ProfiledCodeHeapSize                     = 122027880                              {pd product} {ergonomic}
    uintx ReservedCodeCacheSize                    = 251658240                              {pd product} {ergonomic}
     bool SegmentedCodeCache                       = true                                      {product} {ergonomic}
   size_t SoftMaxHeapSize                          = 2147483648                             {manageable} {ergonomic}
     bool UseCompressedOops                        = true                           {product lp64_product} {ergonomic}
     bool UseLargePagesIndividualAllocation        = false                                  {pd product} {ergonomic}
     bool UseParallelGC                            = true                                      {product} {command line}

Logging:
Log output configuration:
 #0: stdout all=off uptime,level,tags foldmultilines=false
 #1: stderr all=off uptime,level,tags foldmultilines=false

Release file:
<release file has not been read>
Environment Variables:
PATH=C:\Users\Edralyn\AppData\Local\Programs\Microsoft VS Code;C:\Windows\system32;C:\Windows;C:\Windows\System32\Wbem;C:\Windows\System32\WindowsPowerShell\v1.0\;C:\Windows\System32\OpenSSH\;C:\Program Files (x86)\NVIDIA Corporation\PhysX\Common;C:\Program Files\NVIDIA Corporation\NVIDIA NvDLISR;C:\Program Files\nodejs\;C:\Program Files\Git\cmd;C:\Users\Edralyn\AppData\Local\Programs\Python\Python313\Scripts\;C:\Users\Edralyn\AppData\Local\Programs\Python\Python313\;C:\Users\Edralyn\AppData\Local\Microsoft\WindowsApps;C:\Users\Edralyn\AppData\Local\Programs\Microsoft VS Code\bin;C:\Users\Edralyn\AppData\Roaming\npm;C:\Users\Edralyn\AppData\Local\Programs\cursor\resources\app\bin
USERNAME=Edralyn
OS=Windows_NT
PROCESSOR_IDENTIFIER=AMD64 Family 25 Model 117 Stepping 2, AuthenticAMD
TMP=C:\Users\Edralyn\AppData\Local\Temp
TEMP=C:\Users\Edralyn\AppData\Local\Temp




Periodic native trim disabled

---------------  S Y S T E M  ---------------

OS:
 Windows 11 , 64 bit Build 26100 (10.0.26100.8246)
OS uptime: 0 days 6:27 hours
Hyper-V role detected

CPU: total 16 (initial active 16) (16 cores per cpu, 2 threads per core) family 25 model 117 stepping 2 microcode 0xa70520a, cx8, cmov, fxsr, ht, mmx, 3dnowpref, sse, sse2, sse3, ssse3, sse4a, sse4.1, sse4.2, popcnt, lzcnt, tsc, tscinvbit, avx, avx2, aes, erms, clmul, bmi1, bmi2, adx, avx512f, avx512dq, avx512cd, avx512bw, avx512vl, sha, fma, vzeroupper, avx512_vpopcntdq, avx512_vpclmulqdq, avx512_vaes, avx512_vnni, clflush, clflushopt, avx512_vbmi2, avx512_vbmi, hv, rdtscp, rdpid, fsrm, gfni, avx512_bitalg, f16c, cet_ss, avx512_ifma
Processor Information for the first 16 processors :
  Max Mhz: 3801, Current Mhz: 3801, Mhz Limit: 3801

Memory: 4k page, system-wide physical 7484M (473M free)
TotalPageFile size 30012M (AvailPageFile size 0M)
current process WorkingSet (physical memory assigned to process): 26M, peak: 26M
current process commit charge ("private bytes"): 193M, peak: 193M

vm_info: OpenJDK 64-Bit Server VM (21.0.10+7-LTS) for windows-amd64 JRE (21.0.10+7-LTS), built on 2026-01-20T00:00:00Z by "admin" with MS VC++ 17.12 (VS2022)

END.
